Archive member included to satisfy reference by file (symbol)

/home/tomas/code/software_package/gcc-arm-none-eabi/bin/../lib/gcc/arm-none-eabi/9.3.1/../../../../arm-none-eabi/lib/thumb/v6-m/nofp/libc_nano.a(lib_a-exit.o)
                              /home/tomas/code/software_package/gcc-arm-none-eabi/bin/../lib/gcc/arm-none-eabi/9.3.1/../../../../arm-none-eabi/lib/thumb/v6-m/nofp/crt0.o (exit)
/home/tomas/code/software_package/gcc-arm-none-eabi/bin/../lib/gcc/arm-none-eabi/9.3.1/../../../../arm-none-eabi/lib/thumb/v6-m/nofp/libc_nano.a(lib_a-impure.o)
                              /home/tomas/code/software_package/gcc-arm-none-eabi/bin/../lib/gcc/arm-none-eabi/9.3.1/../../../../arm-none-eabi/lib/thumb/v6-m/nofp/libc_nano.a(lib_a-exit.o) (_global_impure_ptr)
/home/tomas/code/software_package/gcc-arm-none-eabi/bin/../lib/gcc/arm-none-eabi/9.3.1/../../../../arm-none-eabi/lib/thumb/v6-m/nofp/libc_nano.a(lib_a-init.o)
                              /home/tomas/code/software_package/gcc-arm-none-eabi/bin/../lib/gcc/arm-none-eabi/9.3.1/../../../../arm-none-eabi/lib/thumb/v6-m/nofp/crt0.o (__libc_init_array)
/home/tomas/code/software_package/gcc-arm-none-eabi/bin/../lib/gcc/arm-none-eabi/9.3.1/../../../../arm-none-eabi/lib/thumb/v6-m/nofp/libc_nano.a(lib_a-memset.o)
                              /home/tomas/code/software_package/gcc-arm-none-eabi/bin/../lib/gcc/arm-none-eabi/9.3.1/../../../../arm-none-eabi/lib/thumb/v6-m/nofp/crt0.o (memset)
/home/tomas/code/software_package/gcc-arm-none-eabi/bin/../lib/gcc/arm-none-eabi/9.3.1/../../../../arm-none-eabi/lib/thumb/v6-m/nofp/libnosys.a(_exit.o)
                              /home/tomas/code/software_package/gcc-arm-none-eabi/bin/../lib/gcc/arm-none-eabi/9.3.1/../../../../arm-none-eabi/lib/thumb/v6-m/nofp/libc_nano.a(lib_a-exit.o) (_exit)
/home/tomas/code/software_package/gcc-arm-none-eabi/bin/../lib/gcc/arm-none-eabi/9.3.1/../../../../arm-none-eabi/lib/thumb/v6-m/nofp/libm.a(lib_a-s_fabs.o)
                              _build/inv_mpu.o (fabs)
/home/tomas/code/software_package/gcc-arm-none-eabi/bin/../lib/gcc/arm-none-eabi/9.3.1/../../../../arm-none-eabi/lib/thumb/v6-m/nofp/libm.a(lib_a-w_asin.o)
                              _build/mpu_wrapper.o (asin)
/home/tomas/code/software_package/gcc-arm-none-eabi/bin/../lib/gcc/arm-none-eabi/9.3.1/../../../../arm-none-eabi/lib/thumb/v6-m/nofp/libm.a(lib_a-w_atan2.o)
                              _build/mpu_wrapper.o (atan2)
/home/tomas/code/software_package/gcc-arm-none-eabi/bin/../lib/gcc/arm-none-eabi/9.3.1/../../../../arm-none-eabi/lib/thumb/v6-m/nofp/libm.a(lib_a-e_asin.o)
                              /home/tomas/code/software_package/gcc-arm-none-eabi/bin/../lib/gcc/arm-none-eabi/9.3.1/../../../../arm-none-eabi/lib/thumb/v6-m/nofp/libm.a(lib_a-w_asin.o) (__ieee754_asin)
/home/tomas/code/software_package/gcc-arm-none-eabi/bin/../lib/gcc/arm-none-eabi/9.3.1/../../../../arm-none-eabi/lib/thumb/v6-m/nofp/libm.a(lib_a-e_atan2.o)
                              /home/tomas/code/software_package/gcc-arm-none-eabi/bin/../lib/gcc/arm-none-eabi/9.3.1/../../../../arm-none-eabi/lib/thumb/v6-m/nofp/libm.a(lib_a-w_atan2.o) (__ieee754_atan2)
/home/tomas/code/software_package/gcc-arm-none-eabi/bin/../lib/gcc/arm-none-eabi/9.3.1/../../../../arm-none-eabi/lib/thumb/v6-m/nofp/libm.a(lib_a-e_sqrt.o)
                              /home/tomas/code/software_package/gcc-arm-none-eabi/bin/../lib/gcc/arm-none-eabi/9.3.1/../../../../arm-none-eabi/lib/thumb/v6-m/nofp/libm.a(lib_a-e_asin.o) (__ieee754_sqrt)
/home/tomas/code/software_package/gcc-arm-none-eabi/bin/../lib/gcc/arm-none-eabi/9.3.1/../../../../arm-none-eabi/lib/thumb/v6-m/nofp/libm.a(lib_a-s_atan.o)
                              /home/tomas/code/software_package/gcc-arm-none-eabi/bin/../lib/gcc/arm-none-eabi/9.3.1/../../../../arm-none-eabi/lib/thumb/v6-m/nofp/libm.a(lib_a-e_atan2.o) (atan)
/home/tomas/code/software_package/gcc-arm-none-eabi/bin/../lib/gcc/arm-none-eabi/9.3.1/../../../../arm-none-eabi/lib/thumb/v6-m/nofp/libm.a(lib_a-s_lib_ver.o)
                              /home/tomas/code/software_package/gcc-arm-none-eabi/bin/../lib/gcc/arm-none-eabi/9.3.1/../../../../arm-none-eabi/lib/thumb/v6-m/nofp/libm.a(lib_a-w_asin.o) (__fdlib_version)
/home/tomas/code/software_package/gcc-arm-none-eabi/bin/../lib/gcc/arm-none-eabi/9.3.1/../../../../arm-none-eabi/lib/thumb/v6-m/nofp/libm.a(lib_a-s_nan.o)
                              /home/tomas/code/software_package/gcc-arm-none-eabi/bin/../lib/gcc/arm-none-eabi/9.3.1/../../../../arm-none-eabi/lib/thumb/v6-m/nofp/libm.a(lib_a-w_asin.o) (nan)
/home/tomas/code/software_package/gcc-arm-none-eabi/bin/../lib/gcc/arm-none-eabi/9.3.1/thumb/v6-m/nofp/libgcc.a(_udivsi3.o)
                              _build/inv_mpu.o (__aeabi_uidiv)
/home/tomas/code/software_package/gcc-arm-none-eabi/bin/../lib/gcc/arm-none-eabi/9.3.1/thumb/v6-m/nofp/libgcc.a(_divsi3.o)
                              _build/inv_mpu.o (__aeabi_idiv)
[...]
Memory Configuration

Name             Origin             Length             Attributes
FLASH            0x0000000000018000 0x0000000000028000 xr
RAM              0x0000000020002000 0x0000000000002000 xrw
*default*        0x0000000000000000 0xffffffffffffffff

Linker script and memory map

LOAD /home/tomas/code/software_package/gcc-arm-none-eabi/bin/../lib/gcc/arm-none-eabi/9.3.1/thumb/v6-m/nofp/crti.o
LOAD /home/tomas/code/software_package/gcc-arm-none-eabi/bin/../lib/gcc/arm-none-eabi/9.3.1/thumb/v6-m/nofp/crtbegin.o
LOAD /home/tomas/code/software_package/gcc-arm-none-eabi/bin/../lib/gcc/arm-none-eabi/9.3.1/../../../../arm-none-eabi/lib/thumb/v6-m/nofp/crt0.o
LOAD /home/tomas/code/software_package/gcc-arm-none-eabi/bin/../lib/gcc/arm-none-eabi/9.3.1/../../../../arm-none-eabi/lib/thumb/v6-m/nofp/libc_nano.a
LOAD /home/tomas/code/software_package/gcc-arm-none-eabi/bin/../lib/gcc/arm-none-eabi/9.3.1/../../../../arm-none-eabi/lib/thumb/v6-m/nofp/libnosys.a
LOAD /home/tomas/code/software_package/gcc-arm-none-eabi/bin/../lib/gcc/arm-none-eabi/9.3.1/../../../../arm-none-eabi/lib/thumb/v6-m/nofp/libm.a
LOAD _build/system_nrf51.o
LOAD _build/nrf_delay.o
LOAD _build/in4073.o
LOAD _build/control.o
LOAD _build/gpio.o
LOAD _build/timers.o
LOAD _build/uart.o
LOAD _build/queue.o
LOAD _build/twi.o
LOAD _build/adc.o
LOAD _build/baro.o
LOAD _build/ble.o
LOAD _build/spi_flash.o
LOAD _build/inv_mpu.o
LOAD _build/inv_mpu_dmp_motion_driver.o
LOAD _build/ml.o
LOAD _build/mpu_wrapper.o
LOAD _build/app_error.o
LOAD _build/app_timer.o
LOAD _build/nrf_assert.o
LOAD _build/nrf_drv_common.o
LOAD _build/pstorage.o
LOAD _build/ble_advdata.o
LOAD _build/ble_advertising.o
LOAD _build/ble_conn_params.o
LOAD _build/ble_nus.o
LOAD _build/ble_srv_common.o
LOAD _build/softdevice_handler.o
LOAD _build/gcc_startup_nrf51.o
LOAD /home/tomas/code/software_package/gcc-arm-none-eabi/bin/../lib/gcc/arm-none-eabi/9.3.1/../../../../arm-none-eabi/lib/thumb/v6-m/nofp/libm.a
START GROUP
LOAD /home/tomas/code/software_package/gcc-arm-none-eabi/bin/../lib/gcc/arm-none-eabi/9.3.1/thumb/v6-m/nofp/libgcc.a
LOAD /home/tomas/code/software_package/gcc-arm-none-eabi/bin/../lib/gcc/arm-none-eabi/9.3.1/../../../../arm-none-eabi/lib/thumb/v6-m/nofp/libc_nano.a
END GROUP
START GROUP
LOAD /home/tomas/code/software_package/gcc-arm-none-eabi/bin/../lib/gcc/arm-none-eabi/9.3.1/thumb/v6-m/nofp/libgcc.a
LOAD /home/tomas/code/software_package/gcc-arm-none-eabi/bin/../lib/gcc/arm-none-eabi/9.3.1/../../../../arm-none-eabi/lib/thumb/v6-m/nofp/libc_nano.a
END GROUP
LOAD /home/tomas/code/software_package/gcc-arm-none-eabi/bin/../lib/gcc/arm-none-eabi/9.3.1/thumb/v6-m/nofp/crtend.o
LOAD /home/tomas/code/software_package/gcc-arm-none-eabi/bin/../lib/gcc/arm-none-eabi/9.3.1/thumb/v6-m/nofp/crtn.o
START GROUP
LOAD /home/tomas/code/software_package/gcc-arm-none-eabi/bin/../lib/gcc/arm-none-eabi/9.3.1/thumb/v6-m/nofp/libgcc.a
LOAD /home/tomas/code/software_package/gcc-arm-none-eabi/bin/../lib/gcc/arm-none-eabi/9.3.1/../../../../arm-none-eabi/lib/thumb/v6-m/nofp/libc.a
LOAD /home/tomas/code/software_package/gcc-arm-none-eabi/bin/../lib/gcc/arm-none-eabi/9.3.1/../../../../arm-none-eabi/lib/thumb/v6-m/nofp/libnosys.a
END GROUP

.fs_data_out    0x0000000000000000        0x0
                [!provide]                        PROVIDE (__start_fs_data = .)
 *(fs_data)
                [!provide]                        PROVIDE (__stop_fs_data = .)

.text           0x0000000000018000     0xa98c
 *(.Vectors)
 .Vectors       0x0000000000018000       0xc0 _build/gcc_startup_nrf51.o
                0x0000000000018000                __Vectors
 *(.text*)
 .text          0x00000000000180c0       0x48 /home/tomas/code/software_package/gcc-arm-none-eabi/bin/../lib/gcc/arm-none-eabi/9.3.1/thumb/v6-m/nofp/crtbegin.o
 .text          0x0000000000018108       0x80 /home/tomas/code/software_package/gcc-arm-none-eabi/bin/../lib/gcc/arm-none-eabi/9.3.1/../../../../arm-none-eabi/lib/thumb/v6-m/nofp/crt0.o
                0x0000000000018108                _stack_init
                0x0000000000018114                _mainCRTStartup
                0x0000000000018114                _start
 .text.exit     0x0000000000018188       0x2c /home/tomas/code/software_package/gcc-arm-none-eabi/bin/../lib/gcc/arm-none-eabi/9.3.1/../../../../arm-none-eabi/lib/thumb/v6-m/nofp/libc_nano.a(lib_a-exit.o)
                0x0000000000018188                exit
 .text.__libc_init_array
                0x00000000000181b4       0x48 /home/tomas/code/software_package/gcc-arm-none-eabi/bin/../lib/gcc/arm-none-eabi/9.3.1/../../../../arm-none-eabi/lib/thumb/v6-m/nofp/libc_nano.a(lib_a-init.o)
                0x00000000000181b4                __libc_init_array
 .text.memset   0x00000000000181fc       0x10 /home/tomas/code/software_package/gcc-arm-none-eabi/bin/../lib/gcc/arm-none-eabi/9.3.1/../../../../arm-none-eabi/lib/thumb/v6-m/nofp/libc_nano.a(lib_a-memset.o)
                0x00000000000181fc                memset
 .text._exit    0x000000000001820c        0x4 /home/tomas/code/software_package/gcc-arm-none-eabi/bin/../lib/gcc/arm-none-eabi/9.3.1/../../../../arm-none-eabi/lib/thumb/v6-m/nofp/libnosys.a(_exit.o)
                0x000000000001820c                _exit
 .text.SystemInit
                0x0000000000018210       0x90 _build/system_nrf51.o
                0x0000000000018210                SystemInit
 .text.nrf_delay_ms
                0x00000000000182a0       0x3c _build/nrf_delay.o
                0x00000000000182a0                nrf_delay_ms
 .text.process_key
                0x00000000000182dc       0xd4 _build/in4073.o
                0x00000000000182dc                process_key
 .text.startup.main
                0x00000000000183b0      0x1a8 _build/in4073.o
                0x00000000000183b0                main
 .text.run_filters_and_control
                0x0000000000018558       0x20 _build/control.o
                0x0000000000018558                run_filters_and_control
 .text.gpio_init
                0x0000000000018578       0x8c _build/gpio.o
                0x0000000000018578                gpio_init
 .text.quadrupel_timer_handler
                0x0000000000018604        0xc _build/timers.o
                0x0000000000018604                quadrupel_timer_handler
 .text.TIMER2_IRQHandler
                0x0000000000018610       0x9c _build/timers.o
                0x0000000000018610                TIMER2_IRQHandler
 .text.TIMER1_IRQHandler
                0x00000000000186ac       0x90 _build/timers.o
                0x00000000000186ac                TIMER1_IRQHandler
 .text.get_time_us
                0x000000000001873c       0x20 _build/timers.o
                0x000000000001873c                get_time_us
 .text.check_timer_flag
                0x000000000001875c        0xc _build/timers.o
                0x000000000001875c                check_timer_flag
 .text.clear_timer_flag
                0x0000000000018768        0xc _build/timers.o
                0x0000000000018768                clear_timer_flag
 .text.timers_init
                0x0000000000018774      0x1d0 _build/timers.o
                0x0000000000018774                timers_init
 .text._write   0x0000000000018944       0x7c _build/uart.o
                0x0000000000018944                _write
 .text.UART0_IRQHandler
                0x00000000000189c0       0x84 _build/uart.o
                0x00000000000189c0                UART0_IRQHandler
 .text.uart_init
                0x0000000000018a44       0xa0 _build/uart.o
                0x0000000000018a44                uart_init
 .text.init_queue
                0x0000000000018ae4       0x14 _build/queue.o
                0x0000000000018ae4                init_queue
 .text.enqueue  0x0000000000018af8       0x20 _build/queue.o
                0x0000000000018af8                enqueue
 .text.dequeue  0x0000000000018b18       0x20 _build/queue.o
                0x0000000000018b18                dequeue
 .text.i2c_read
                0x0000000000018b38       0xb4 _build/twi.o
                0x0000000000018b38                i2c_read
 .text.i2c_write
                0x0000000000018bec       0x68 _build/twi.o
                0x0000000000018bec                i2c_write
 .text.SPI0_TWI0_IRQHandler
                0x0000000000018c54       0x74 _build/twi.o
                0x0000000000018c54                SPI0_TWI0_IRQHandler
 .text.twi_init
                0x0000000000018cc8       0x84 _build/twi.o
                0x0000000000018cc8                twi_init
 .text.adc_request_sample
                0x0000000000018d4c       0x18 _build/adc.o
                0x0000000000018d4c                adc_request_sample
 .text.ADC_IRQHandler
                0x0000000000018d64       0x24 _build/adc.o
                0x0000000000018d64                ADC_IRQHandler
 .text.adc_init
                0x0000000000018d88       0x3c _build/adc.o
                0x0000000000018d88                adc_init
 .text.read_baro
                0x0000000000018dc4      0x1b4 _build/baro.o
                0x0000000000018dc4                read_baro
 .text.baro_init
                0x0000000000018f78       0x34 _build/baro.o
                0x0000000000018f78                baro_init
 .text.sd_ble_gap_disconnect
                0x0000000000018fac        0x4 _build/ble.o
 .text.sd_ble_gap_ppcp_set
                0x0000000000018fb0        0x4 _build/ble.o
 .text.sd_ble_gap_device_name_set
                0x0000000000018fb4        0x4 _build/ble.o
 .text.sd_ble_gap_sec_params_reply
                0x0000000000018fb8        0x4 _build/ble.o
 .text.sd_ble_gatts_sys_attr_set
                0x0000000000018fbc        0x4 _build/ble.o
 .text.sd_ble_enable
                0x0000000000018fc0        0x4 _build/ble.o
 .text.sd_nvic_EnableIRQ
                0x0000000000018fc4        0x4 _build/ble.o
 .text.sd_nvic_ClearPendingIRQ
                0x0000000000018fc8        0x4 _build/ble.o
 .text.sd_nvic_SetPriority
                0x0000000000018fcc        0x4 _build/ble.o
 .text.sd_radio_notification_cfg_set
                0x0000000000018fd0        0x4 _build/ble.o
 .text.conn_params_error_handler
                0x0000000000018fd4       0x1c _build/ble.o
 .text.nus_data_handler
                0x0000000000018ff0       0x20 _build/ble.o
 .text.ble_evt_dispatch
                0x0000000000019010       0x94 _build/ble.o
 .text.on_conn_params_evt
                0x00000000000190a4       0x38 _build/ble.o
 .text.SWI1_IRQHandler
                0x00000000000190dc       0x10 _build/ble.o
                0x00000000000190dc                SWI1_IRQHandler
 .text.ble_init
                0x00000000000190ec      0x22c _build/ble.o
                0x00000000000190ec                ble_init
 .text.spi_flash_init
                0x0000000000019318      0x220 _build/spi_flash.o
                0x0000000000019318                spi_flash_init
 .text.set_int_enable
                0x0000000000019538       0x84 _build/inv_mpu.o
 .text.mpu_reset_fifo
                0x00000000000195bc      0x180 _build/inv_mpu.o
                0x00000000000195bc                mpu_reset_fifo
 .text.mpu_lp_accel_mode
                0x000000000001973c      0x19c _build/inv_mpu.o
                0x000000000001973c                mpu_lp_accel_mode
 .text.mpu_get_accel_fsr
                0x00000000000198d8       0x64 _build/inv_mpu.o
                0x00000000000198d8                mpu_get_accel_fsr
 .text.mpu_set_lpf
                0x000000000001993c       0x88 _build/inv_mpu.o
                0x000000000001993c                mpu_set_lpf
 .text.mpu_set_sample_rate
                0x00000000000199c4       0xf0 _build/inv_mpu.o
                0x00000000000199c4                mpu_set_sample_rate
 .text.mpu_configure_fifo
                0x0000000000019ab4       0xa8 _build/inv_mpu.o
                0x0000000000019ab4                mpu_configure_fifo
 .text.mpu_set_sensors
                0x0000000000019b5c      0x140 _build/inv_mpu.o
                0x0000000000019b5c                mpu_set_sensors
 .text.mpu_init
                0x0000000000019c9c      0x1e8 _build/inv_mpu.o
                0x0000000000019c9c                mpu_init
 .text.mpu_read_fifo_stream
                0x0000000000019e84       0xa8 _build/inv_mpu.o
                0x0000000000019e84                mpu_read_fifo_stream
 .text.mpu_set_bypass
                0x0000000000019f2c       0xec _build/inv_mpu.o
                0x0000000000019f2c                mpu_set_bypass
 .text.mpu_set_int_level
                0x000000000001a018       0x10 _build/inv_mpu.o
                0x000000000001a018                mpu_set_int_level
 .text.mpu_set_int_latched
                0x000000000001a028       0x6c _build/inv_mpu.o
                0x000000000001a028                mpu_set_int_latched
 .text.mpu_write_mem
                0x000000000001a094       0x58 _build/inv_mpu.o
                0x000000000001a094                mpu_write_mem
 .text.mpu_load_firmware
                0x000000000001a0ec       0xf0 _build/inv_mpu.o
                0x000000000001a0ec                mpu_load_firmware
 .text.mpu_set_dmp_state
                0x000000000001a1dc       0x88 _build/inv_mpu.o
                0x000000000001a1dc                mpu_set_dmp_state
 .text.dmp_load_motion_driver_firmware
                0x000000000001a264       0x1c _build/inv_mpu_dmp_motion_driver.o
                0x000000000001a264                dmp_load_motion_driver_firmware
 .text.dmp_set_orientation
                0x000000000001a280      0x118 _build/inv_mpu_dmp_motion_driver.o
                0x000000000001a280                dmp_set_orientation
 .text.dmp_set_fifo_rate
                0x000000000001a398       0x64 _build/inv_mpu_dmp_motion_driver.o
                0x000000000001a398                dmp_set_fifo_rate
 .text.dmp_set_tap_thresh
                0x000000000001a3fc      0x170 _build/inv_mpu_dmp_motion_driver.o
                0x000000000001a3fc                dmp_set_tap_thresh
 .text.dmp_enable_feature
                0x000000000001a56c      0x28c _build/inv_mpu_dmp_motion_driver.o
                0x000000000001a56c                dmp_enable_feature
 .text.dmp_read_fifo
                0x000000000001a7f8      0x218 _build/inv_mpu_dmp_motion_driver.o
                0x000000000001a7f8                dmp_read_fifo
 .text.inv_orientation_matrix_to_scalar
                0x000000000001aa10      0x138 _build/ml.o
                0x000000000001aa10                inv_orientation_matrix_to_scalar
 .text.update_euler_from_quaternions
                0x000000000001ab48      0x198 _build/mpu_wrapper.o
                0x000000000001ab48                update_euler_from_quaternions
 .text.get_dmp_data
                0x000000000001ace0       0x90 _build/mpu_wrapper.o
                0x000000000001ace0                get_dmp_data
 .text.check_sensor_int_flag
                0x000000000001ad70       0x24 _build/mpu_wrapper.o
                0x000000000001ad70                check_sensor_int_flag
 .text.imu_init
                0x000000000001ad94      0x10c _build/mpu_wrapper.o
                0x000000000001ad94                imu_init
 .text.app_error_handler
                0x000000000001aea0       0x40 _build/app_error.o
                0x000000000001aea0                app_error_handler
 .text.rtc1_stop
                0x000000000001aee0       0x78 _build/app_timer.o
 .text.RTC1_IRQHandler
                0x000000000001af58       0xe0 _build/app_timer.o
                0x000000000001af58                RTC1_IRQHandler
 .text.SWI0_IRQHandler
                0x000000000001b038      0x4f4 _build/app_timer.o
                0x000000000001b038                SWI0_IRQHandler
 .text.app_timer_init
                0x000000000001b52c       0xe4 _build/app_timer.o
                0x000000000001b52c                app_timer_init
 .text.app_timer_create
                0x000000000001b610       0x2c _build/app_timer.o
                0x000000000001b610                app_timer_create
 .text.app_timer_start
                0x000000000001b63c       0xf0 _build/app_timer.o
                0x000000000001b63c                app_timer_start
 .text.app_timer_stop
                0x000000000001b72c       0xc0 _build/app_timer.o
                0x000000000001b72c                app_timer_stop
 .text.pstorage_access_status_get
                0x000000000001b7ec       0x28 _build/pstorage.o
                0x000000000001b7ec                pstorage_access_status_get
 .text.sd_ble_gap_address_get
                0x000000000001b814        0x4 _build/ble_advdata.o
 .text.sd_ble_gap_adv_data_set
                0x000000000001b818        0x4 _build/ble_advdata.o
 .text.sd_ble_gap_appearance_get
                0x000000000001b81c        0x4 _build/ble_advdata.o
 .text.sd_ble_gap_device_name_get
                0x000000000001b820        0x4 _build/ble_advdata.o
 .text.sd_ble_uuid_encode
                0x000000000001b824        0x4 _build/ble_advdata.o
 .text.uuid_list_sized_encode.isra.0
                0x000000000001b828       0xf8 _build/ble_advdata.o
 .text.adv_data_encode
                0x000000000001b920      0x5bc _build/ble_advdata.o
                0x000000000001b920                adv_data_encode
 .text.ble_advdata_set
                0x000000000001bedc       0x6c _build/ble_advdata.o
                0x000000000001bedc                ble_advdata_set
 .text.sd_ble_gap_adv_start
                0x000000000001bf48        0x4 _build/ble_advertising.o
 .text.ble_advertising_start.part.0
                0x000000000001bf4c      0x2b8 _build/ble_advertising.o
 .text.ble_advertising_init
                0x000000000001c204      0x148 _build/ble_advertising.o
                0x000000000001c204                ble_advertising_init
 .text.ble_advertising_start
                0x000000000001c34c       0x3c _build/ble_advertising.o
                0x000000000001c34c                ble_advertising_start
 .text.ble_advertising_on_ble_evt
                0x000000000001c388      0x100 _build/ble_advertising.o
                0x000000000001c388                ble_advertising_on_ble_evt
 .text.sd_ble_gap_conn_param_update
                0x000000000001c488        0x4 _build/ble_conn_params.o
 .text.sd_ble_gap_disconnect
                0x000000000001c48c        0x4 _build/ble_conn_params.o
 .text.sd_ble_gap_ppcp_set
                0x000000000001c490        0x4 _build/ble_conn_params.o
 .text.sd_ble_gap_ppcp_get
                0x000000000001c494        0x4 _build/ble_conn_params.o
 .text.update_timeout_handler
                0x000000000001c498       0x78 _build/ble_conn_params.o
 .text.conn_params_negotiation
                0x000000000001c510       0x88 _build/ble_conn_params.o
 .text.ble_conn_params_init
                0x000000000001c598       0x78 _build/ble_conn_params.o
                0x000000000001c598                ble_conn_params_init
 .text.ble_conn_params_on_ble_evt
                0x000000000001c610       0xac _build/ble_conn_params.o
                0x000000000001c610                ble_conn_params_on_ble_evt
 .text.sd_ble_gatts_service_add
                0x000000000001c6bc        0x4 _build/ble_nus.o
 .text.sd_ble_gatts_characteristic_add
                0x000000000001c6c0        0x4 _build/ble_nus.o
 .text.sd_ble_uuid_vs_add
                0x000000000001c6c4        0x4 _build/ble_nus.o
 .text.ble_nus_on_ble_evt
                0x000000000001c6c8       0x68 _build/ble_nus.o
                0x000000000001c6c8                ble_nus_on_ble_evt
 .text.ble_nus_init
                0x000000000001c730      0x190 _build/ble_nus.o
                0x000000000001c730                ble_nus_init
 .text.sd_nvic_EnableIRQ
                0x000000000001c8c0        0x4 _build/softdevice_handler.o
 .text.sd_evt_get
                0x000000000001c8c4        0x4 _build/softdevice_handler.o
 .text.sd_softdevice_enable
                0x000000000001c8c8        0x4 _build/softdevice_handler.o
 .text.sd_ble_evt_get
                0x000000000001c8cc        0x4 _build/softdevice_handler.o
 .text.softdevice_assertion_handler
                0x000000000001c8d0        0xc _build/softdevice_handler.o
                0x000000000001c8d0                softdevice_assertion_handler
 .text.intern_softdevice_events_execute.part.0
                0x000000000001c8dc      0x108 _build/softdevice_handler.o
 .text.softdevice_handler_init
                0x000000000001c9e4       0x48 _build/softdevice_handler.o
                0x000000000001c9e4                softdevice_handler_init
 .text.softdevice_ble_evt_handler_set
                0x000000000001ca2c       0x14 _build/softdevice_handler.o
                0x000000000001ca2c                softdevice_ble_evt_handler_set
 .text.SWI2_IRQHandler
                0x000000000001ca40       0x34 _build/softdevice_handler.o
                0x000000000001ca40                SWI2_IRQHandler
 .text          0x000000000001ca74       0x54 _build/gcc_startup_nrf51.o
                0x000000000001ca74                Reset_Handler
                0x000000000001cabc                NMI_Handler
                0x000000000001cabe                HardFault_Handler
                0x000000000001cac0                SVC_Handler
                0x000000000001cac2                PendSV_Handler
                0x000000000001cac4                SysTick_Handler
                0x000000000001cac6                RTC0_IRQHandler
                0x000000000001cac6                GPIOTE_IRQHandler
                0x000000000001cac6                POWER_CLOCK_IRQHandler
                0x000000000001cac6                RADIO_IRQHandler
                0x000000000001cac6                LPCOMP_IRQHandler
                0x000000000001cac6                SWI4_IRQHandler
                0x000000000001cac6                TEMP_IRQHandler
                0x000000000001cac6                QDEC_IRQHandler
                0x000000000001cac6                SWI5_IRQHandler
                0x000000000001cac6                TIMER0_IRQHandler
                0x000000000001cac6                ECB_IRQHandler
                0x000000000001cac6                Default_Handler
                0x000000000001cac6                SWI3_IRQHandler
                0x000000000001cac6                CCM_AAR_IRQHandler
                0x000000000001cac6                WDT_IRQHandler
                0x000000000001cac6                RNG_IRQHandler
                0x000000000001cac6                SPI1_TWI1_IRQHandler
 .text.fabs     0x000000000001cac8        0x8 /home/tomas/code/software_package/gcc-arm-none-eabi/bin/../lib/gcc/arm-none-eabi/9.3.1/../../../../arm-none-eabi/lib/thumb/v6-m/nofp/libm.a(lib_a-s_fabs.o)
                0x000000000001cac8                fabs
 .text.asin     0x000000000001cad0       0x64 /home/tomas/code/software_package/gcc-arm-none-eabi/bin/../lib/gcc/arm-none-eabi/9.3.1/../../../../arm-none-eabi/lib/thumb/v6-m/nofp/libm.a(lib_a-w_asin.o)
                0x000000000001cad0                asin
 .text.atan2    0x000000000001cb34        0x8 /home/tomas/code/software_package/gcc-arm-none-eabi/bin/../lib/gcc/arm-none-eabi/9.3.1/../../../../arm-none-eabi/lib/thumb/v6-m/nofp/libm.a(lib_a-w_atan2.o)
                0x000000000001cb34                atan2
 .text.__ieee754_asin
                0x000000000001cb3c      0x3e8 /home/tomas/code/software_package/gcc-arm-none-eabi/bin/../lib/gcc/arm-none-eabi/9.3.1/../../../../arm-none-eabi/lib/thumb/v6-m/nofp/libm.a(lib_a-e_asin.o)
                0x000000000001cb3c                __ieee754_asin
 .text.__ieee754_atan2
                0x000000000001cf24      0x174 /home/tomas/code/software_package/gcc-arm-none-eabi/bin/../lib/gcc/arm-none-eabi/9.3.1/../../../../arm-none-eabi/lib/thumb/v6-m/nofp/libm.a(lib_a-e_atan2.o)
                0x000000000001cf24                __ieee754_atan2
 .text.__ieee754_sqrt
                0x000000000001d098      0x1b0 /home/tomas/code/software_package/gcc-arm-none-eabi/bin/../lib/gcc/arm-none-eabi/9.3.1/../../../../arm-none-eabi/lib/thumb/v6-m/nofp/libm.a(lib_a-e_sqrt.o)
                0x000000000001d098                __ieee754_sqrt
 .text.atan     0x000000000001d248      0x338 /home/tomas/code/software_package/gcc-arm-none-eabi/bin/../lib/gcc/arm-none-eabi/9.3.1/../../../../arm-none-eabi/lib/thumb/v6-m/nofp/libm.a(lib_a-s_atan.o)
                0x000000000001d248                atan
 .text.nan      0x000000000001d580        0xc /home/tomas/code/software_package/gcc-arm-none-eabi/bin/../lib/gcc/arm-none-eabi/9.3.1/../../../../arm-none-eabi/lib/thumb/v6-m/nofp/libm.a(lib_a-s_nan.o)
                0x000000000001d580                nan
 .text          0x000000000001d58c      0x114 /home/tomas/code/software_package/gcc-arm-none-eabi/bin/../lib/gcc/arm-none-eabi/9.3.1/thumb/v6-m/nofp/libgcc.a(_udivsi3.o)
                0x000000000001d58c                __udivsi3
                0x000000000001d58c                __aeabi_uidiv
                0x000000000001d698                __aeabi_uidivmod
 .text          0x000000000001d6a0      0x1d4 /home/tomas/code/software_package/gcc-arm-none-eabi/bin/../lib/gcc/arm-none-eabi/9.3.1/thumb/v6-m/nofp/libgcc.a(_divsi3.o)
                0x000000000001d6a0                __aeabi_idiv
                0x000000000001d6a0                __divsi3
                0x000000000001d86c                __aeabi_idivmod
 .text          0x000000000001d874        0x4 /home/tomas/code/software_package/gcc-arm-none-eabi/bin/../lib/gcc/arm-none-eabi/9.3.1/thumb/v6-m/nofp/libgcc.a(_dvmd_tls.o)
                0x000000000001d874                __aeabi_ldiv0
                0x000000000001d874                __aeabi_idiv0
 .text          0x000000000001d878       0x7c /home/tomas/code/software_package/gcc-arm-none-eabi/bin/../lib/gcc/arm-none-eabi/9.3.1/thumb/v6-m/nofp/libgcc.a(_arm_cmpdf2.o)
                0x000000000001d878                __aeabi_cdrcmple
                0x000000000001d888                __aeabi_cdcmple
                0x000000000001d888                __aeabi_cdcmpeq
                0x000000000001d898                __aeabi_dcmpeq
                0x000000000001d8a4                __aeabi_dcmplt
                0x000000000001d8b8                __aeabi_dcmple
                0x000000000001d8cc                __aeabi_dcmpgt
                0x000000000001d8e0                __aeabi_dcmpge
 .text          0x000000000001d8f4       0x74 /home/tomas/code/software_package/gcc-arm-none-eabi/bin/../lib/gcc/arm-none-eabi/9.3.1/thumb/v6-m/nofp/libgcc.a(_arm_cmpsf2.o)
                0x000000000001d8f4                __aeabi_cfrcmple
                0x000000000001d8fc                __aeabi_cfcmple
                0x000000000001d8fc                __aeabi_cfcmpeq
                0x000000000001d90c                __aeabi_fcmpeq
                0x000000000001d918                __aeabi_fcmplt
                0x000000000001d92c                __aeabi_fcmple
                0x000000000001d940                __aeabi_fcmpgt
                0x000000000001d954                __aeabi_fcmpge
 .text          0x000000000001d968       0x50 /home/tomas/code/software_package/gcc-arm-none-eabi/bin/../lib/gcc/arm-none-eabi/9.3.1/thumb/v6-m/nofp/libgcc.a(_muldi3.o)
                0x000000000001d968                __aeabi_lmul
                0x000000000001d968                __muldi3
 .text          0x000000000001d9b8       0x30 /home/tomas/code/software_package/gcc-arm-none-eabi/bin/../lib/gcc/arm-none-eabi/9.3.1/thumb/v6-m/nofp/libgcc.a(_fixunssfsi.o)
                0x000000000001d9b8                __aeabi_f2uiz
                0x000000000001d9b8                __fixunssfsi
 .text          0x000000000001d9e8      0x338 /home/tomas/code/software_package/gcc-arm-none-eabi/bin/../lib/gcc/arm-none-eabi/9.3.1/thumb/v6-m/nofp/libgcc.a(addsf3.o)
                0x000000000001d9e8                __aeabi_fadd
 .text          0x000000000001dd20      0x218 /home/tomas/code/software_package/gcc-arm-none-eabi/bin/../lib/gcc/arm-none-eabi/9.3.1/thumb/v6-m/nofp/libgcc.a(divsf3.o)
                0x000000000001dd20                __aeabi_fdiv
 .text          0x000000000001df38       0x50 /home/tomas/code/software_package/gcc-arm-none-eabi/bin/../lib/gcc/arm-none-eabi/9.3.1/thumb/v6-m/nofp/libgcc.a(eqsf2.o)
                0x000000000001df38                __nesf2
                0x000000000001df38                __eqsf2
 .text          0x000000000001df88       0x98 /home/tomas/code/software_package/gcc-arm-none-eabi/bin/../lib/gcc/arm-none-eabi/9.3.1/thumb/v6-m/nofp/libgcc.a(gesf2.o)
                0x000000000001df88                __gtsf2
                0x000000000001df88                __gesf2
 .text          0x000000000001e020       0x94 /home/tomas/code/software_package/gcc-arm-none-eabi/bin/../lib/gcc/arm-none-eabi/9.3.1/thumb/v6-m/nofp/libgcc.a(lesf2.o)
                0x000000000001e020                __lesf2
                0x000000000001e020                __ltsf2
 .text          0x000000000001e0b4      0x234 /home/tomas/code/software_package/gcc-arm-none-eabi/bin/../lib/gcc/arm-none-eabi/9.3.1/thumb/v6-m/nofp/libgcc.a(mulsf3.o)
                0x000000000001e0b4                __aeabi_fmul
 .text          0x000000000001e2e8      0x390 /home/tomas/code/software_package/gcc-arm-none-eabi/bin/../lib/gcc/arm-none-eabi/9.3.1/thumb/v6-m/nofp/libgcc.a(subsf3.o)
                0x000000000001e2e8                __aeabi_fsub
 .text          0x000000000001e678       0x40 /home/tomas/code/software_package/gcc-arm-none-eabi/bin/../lib/gcc/arm-none-eabi/9.3.1/thumb/v6-m/nofp/libgcc.a(fixsfsi.o)
                0x000000000001e678                __aeabi_f2iz
 .text          0x000000000001e6b8       0x8c /home/tomas/code/software_package/gcc-arm-none-eabi/bin/../lib/gcc/arm-none-eabi/9.3.1/thumb/v6-m/nofp/libgcc.a(floatsisf.o)
                0x000000000001e6b8                __aeabi_i2f
 .text          0x000000000001e744       0x78 /home/tomas/code/software_package/gcc-arm-none-eabi/bin/../lib/gcc/arm-none-eabi/9.3.1/thumb/v6-m/nofp/libgcc.a(floatunsisf.o)
                0x000000000001e744                __aeabi_ui2f
 .text          0x000000000001e7bc      0x6d4 /home/tomas/code/software_package/gcc-arm-none-eabi/bin/../lib/gcc/arm-none-eabi/9.3.1/thumb/v6-m/nofp/libgcc.a(adddf3.o)
                0x000000000001e7bc                __aeabi_dadd
 .text          0x000000000001ee90      0x5d0 /home/tomas/code/software_package/gcc-arm-none-eabi/bin/../lib/gcc/arm-none-eabi/9.3.1/thumb/v6-m/nofp/libgcc.a(divdf3.o)
                0x000000000001ee90                __aeabi_ddiv
 .text          0x000000000001f460       0x78 /home/tomas/code/software_package/gcc-arm-none-eabi/bin/../lib/gcc/arm-none-eabi/9.3.1/thumb/v6-m/nofp/libgcc.a(eqdf2.o)
                0x000000000001f460                __eqdf2
                0x000000000001f460                __nedf2
 .text          0x000000000001f4d8       0xe4 /home/tomas/code/software_package/gcc-arm-none-eabi/bin/../lib/gcc/arm-none-eabi/9.3.1/thumb/v6-m/nofp/libgcc.a(gedf2.o)
                0x000000000001f4d8                __gtdf2
                0x000000000001f4d8                __gedf2
 .text          0x000000000001f5bc       0xe0 /home/tomas/code/software_package/gcc-arm-none-eabi/bin/../lib/gcc/arm-none-eabi/9.3.1/thumb/v6-m/nofp/libgcc.a(ledf2.o)
                0x000000000001f5bc                __ltdf2
                0x000000000001f5bc                __ledf2
 .text          0x000000000001f69c      0x4d8 /home/tomas/code/software_package/gcc-arm-none-eabi/bin/../lib/gcc/arm-none-eabi/9.3.1/thumb/v6-m/nofp/libgcc.a(muldf3.o)
                0x000000000001f69c                __aeabi_dmul
 .text          0x000000000001fb74      0x724 /home/tomas/code/software_package/gcc-arm-none-eabi/bin/../lib/gcc/arm-none-eabi/9.3.1/thumb/v6-m/nofp/libgcc.a(subdf3.o)
                0x000000000001fb74                __aeabi_dsub
 .text          0x0000000000020298       0x3c /home/tomas/code/software_package/gcc-arm-none-eabi/bin/../lib/gcc/arm-none-eabi/9.3.1/thumb/v6-m/nofp/libgcc.a(unorddf2.o)
                0x0000000000020298                __aeabi_dcmpun
 .text          0x00000000000202d4       0x6c /home/tomas/code/software_package/gcc-arm-none-eabi/bin/../lib/gcc/arm-none-eabi/9.3.1/thumb/v6-m/nofp/libgcc.a(fixdfsi.o)
                0x00000000000202d4                __aeabi_d2iz
 .text          0x0000000000020340       0x90 /home/tomas/code/software_package/gcc-arm-none-eabi/bin/../lib/gcc/arm-none-eabi/9.3.1/thumb/v6-m/nofp/libgcc.a(extendsfdf2.o)
                0x0000000000020340                __aeabi_f2d
 .text          0x00000000000203d0       0x3c /home/tomas/code/software_package/gcc-arm-none-eabi/bin/../lib/gcc/arm-none-eabi/9.3.1/thumb/v6-m/nofp/libgcc.a(_clzsi2.o)
                0x00000000000203d0                __clzsi2
 .text.__errno  0x000000000002040c        0xc /home/tomas/code/software_package/gcc-arm-none-eabi/bin/../lib/gcc/arm-none-eabi/9.3.1/../../../../arm-none-eabi/lib/thumb/v6-m/nofp/libc_nano.a(lib_a-errno.o)
                0x000000000002040c                __errno
 .text.memcmp   0x0000000000020418       0x1c /home/tomas/code/software_package/gcc-arm-none-eabi/bin/../lib/gcc/arm-none-eabi/9.3.1/../../../../arm-none-eabi/lib/thumb/v6-m/nofp/libc_nano.a(lib_a-memcmp.o)
                0x0000000000020418                memcmp
 .text.memcpy   0x0000000000020434       0x12 /home/tomas/code/software_package/gcc-arm-none-eabi/bin/../lib/gcc/arm-none-eabi/9.3.1/../../../../arm-none-eabi/lib/thumb/v6-m/nofp/libc_nano.a(lib_a-memcpy-stub.o)
                0x0000000000020434                memcpy
 *fill*         0x0000000000020446        0x2 
 .text.printf   0x0000000000020448       0x34 /home/tomas/code/software_package/gcc-arm-none-eabi/bin/../lib/gcc/arm-none-eabi/9.3.1/../../../../arm-none-eabi/lib/thumb/v6-m/nofp/libc_nano.a(lib_a-printf.o)
                0x0000000000020448                printf
                0x0000000000020448                iprintf
 .text.sprintf  0x000000000002047c       0x40 /home/tomas/code/software_package/gcc-arm-none-eabi/bin/../lib/gcc/arm-none-eabi/9.3.1/../../../../arm-none-eabi/lib/thumb/v6-m/nofp/libc_nano.a(lib_a-sprintf.o)
                0x000000000002047c                sprintf
                0x000000000002047c                siprintf
 .text          0x00000000000204bc        0xe /home/tomas/code/software_package/gcc-arm-none-eabi/bin/../lib/gcc/arm-none-eabi/9.3.1/../../../../arm-none-eabi/lib/thumb/v6-m/nofp/libc_nano.a(lib_a-strlen.o)
                0x00000000000204bc                strlen
 *fill*         0x00000000000204ca        0x2 
 .text.std      0x00000000000204cc       0x48 /home/tomas/code/software_package/gcc-arm-none-eabi/bin/../lib/gcc/arm-none-eabi/9.3.1/../../../../arm-none-eabi/lib/thumb/v6-m/nofp/libc_nano.a(lib_a-findfp.o)
 .text._cleanup_r
                0x0000000000020514       0x10 /home/tomas/code/software_package/gcc-arm-none-eabi/bin/../lib/gcc/arm-none-eabi/9.3.1/../../../../arm-none-eabi/lib/thumb/v6-m/nofp/libc_nano.a(lib_a-findfp.o)
                0x0000000000020514                _cleanup_r
 .text.__sfmoreglue
                0x0000000000020524       0x2c /home/tomas/code/software_package/gcc-arm-none-eabi/bin/../lib/gcc/arm-none-eabi/9.3.1/../../../../arm-none-eabi/lib/thumb/v6-m/nofp/libc_nano.a(lib_a-findfp.o)
                0x0000000000020524                __sfmoreglue
 .text.__sfp_lock_acquire
                0x0000000000020550       0x10 /home/tomas/code/software_package/gcc-arm-none-eabi/bin/../lib/gcc/arm-none-eabi/9.3.1/../../../../arm-none-eabi/lib/thumb/v6-m/nofp/libc_nano.a(lib_a-findfp.o)
                0x0000000000020550                __sfp_lock_acquire
 .text.__sfp_lock_release
                0x0000000000020560       0x10 /home/tomas/code/software_package/gcc-arm-none-eabi/bin/../lib/gcc/arm-none-eabi/9.3.1/../../../../arm-none-eabi/lib/thumb/v6-m/nofp/libc_nano.a(lib_a-findfp.o)
                0x0000000000020560                __sfp_lock_release
 .text.__sinit_lock_acquire
                0x0000000000020570       0x10 /home/tomas/code/software_package/gcc-arm-none-eabi/bin/../lib/gcc/arm-none-eabi/9.3.1/../../../../arm-none-eabi/lib/thumb/v6-m/nofp/libc_nano.a(lib_a-findfp.o)
                0x0000000000020570                __sinit_lock_acquire
 .text.__sinit_lock_release
                0x0000000000020580       0x10 /home/tomas/code/software_package/gcc-arm-none-eabi/bin/../lib/gcc/arm-none-eabi/9.3.1/../../../../arm-none-eabi/lib/thumb/v6-m/nofp/libc_nano.a(lib_a-findfp.o)
                0x0000000000020580                __sinit_lock_release
 .text.__sinit  0x0000000000020590       0x70 /home/tomas/code/software_package/gcc-arm-none-eabi/bin/../lib/gcc/arm-none-eabi/9.3.1/../../../../arm-none-eabi/lib/thumb/v6-m/nofp/libc_nano.a(lib_a-findfp.o)
                0x0000000000020590                __sinit
 .text.__sfp    0x0000000000020600       0x90 /home/tomas/code/software_package/gcc-arm-none-eabi/bin/../lib/gcc/arm-none-eabi/9.3.1/../../../../arm-none-eabi/lib/thumb/v6-m/nofp/libc_nano.a(lib_a-findfp.o)
                0x0000000000020600                __sfp
 .text._fwalk_reent
                0x0000000000020690       0x40 /home/tomas/code/software_package/gcc-arm-none-eabi/bin/../lib/gcc/arm-none-eabi/9.3.1/../../../../arm-none-eabi/lib/thumb/v6-m/nofp/libc_nano.a(lib_a-fwalk.o)
                0x0000000000020690                _fwalk_reent
 .text.__retarget_lock_init_recursive
                0x00000000000206d0        0x2 /home/tomas/code/software_package/gcc-arm-none-eabi/bin/../lib/gcc/arm-none-eabi/9.3.1/../../../../arm-none-eabi/lib/thumb/v6-m/nofp/libc_nano.a(lib_a-lock.o)
                0x00000000000206d0                __retarget_lock_init_recursive
 .text.__retarget_lock_acquire_recursive
                0x00000000000206d2        0x2 /home/tomas/code/software_package/gcc-arm-none-eabi/bin/../lib/gcc/arm-none-eabi/9.3.1/../../../../arm-none-eabi/lib/thumb/v6-m/nofp/libc_nano.a(lib_a-lock.o)
                0x00000000000206d2                __retarget_lock_acquire_recursive
 .text.__retarget_lock_release_recursive
                0x00000000000206d4        0x2 /home/tomas/code/software_package/gcc-arm-none-eabi/bin/../lib/gcc/arm-none-eabi/9.3.1/../../../../arm-none-eabi/lib/thumb/v6-m/nofp/libc_nano.a(lib_a-lock.o)
                0x00000000000206d4                __retarget_lock_release_recursive
 *fill*         0x00000000000206d6        0x2 
 .text._malloc_r
                0x00000000000206d8       0xbc /home/tomas/code/software_package/gcc-arm-none-eabi/bin/../lib/gcc/arm-none-eabi/9.3.1/../../../../arm-none-eabi/lib/thumb/v6-m/nofp/libc_nano.a(lib_a-nano-mallocr.o)
                0x00000000000206d8                _malloc_r
 .text.__ssputs_r
                0x0000000000020794       0xc4 /home/tomas/code/software_package/gcc-arm-none-eabi/bin/../lib/gcc/arm-none-eabi/9.3.1/../../../../arm-none-eabi/lib/thumb/v6-m/nofp/libc_nano.a(lib_a-nano-svfprintf.o)
                0x0000000000020794                __ssputs_r
 .text._svfprintf_r
                0x0000000000020858      0x200 /home/tomas/code/software_package/gcc-arm-none-eabi/bin/../lib/gcc/arm-none-eabi/9.3.1/../../../../arm-none-eabi/lib/thumb/v6-m/nofp/libc_nano.a(lib_a-nano-svfprintf.o)
                0x0000000000020858                _svfprintf_r
                0x0000000000020858                _svfiprintf_r
 .text.__sfputc_r
                0x0000000000020a58       0x2a /home/tomas/code/software_package/gcc-arm-none-eabi/bin/../lib/gcc/arm-none-eabi/9.3.1/../../../../arm-none-eabi/lib/thumb/v6-m/nofp/libc_nano.a(lib_a-nano-vfprintf.o)
 .text.__sfputs_r
                0x0000000000020a82       0x24 /home/tomas/code/software_package/gcc-arm-none-eabi/bin/../lib/gcc/arm-none-eabi/9.3.1/../../../../arm-none-eabi/lib/thumb/v6-m/nofp/libc_nano.a(lib_a-nano-vfprintf.o)
                0x0000000000020a82                __sfputs_r
 *fill*         0x0000000000020aa6        0x2 
 .text._vfprintf_r
                0x0000000000020aa8      0x274 /home/tomas/code/software_package/gcc-arm-none-eabi/bin/../lib/gcc/arm-none-eabi/9.3.1/../../../../arm-none-eabi/lib/thumb/v6-m/nofp/libc_nano.a(lib_a-nano-vfprintf.o)
                0x0000000000020aa8                _vfiprintf_r
                0x0000000000020aa8                _vfprintf_r
 .text._printf_common
                0x0000000000020d1c       0xde /home/tomas/code/software_package/gcc-arm-none-eabi/bin/../lib/gcc/arm-none-eabi/9.3.1/../../../../arm-none-eabi/lib/thumb/v6-m/nofp/libc_nano.a(lib_a-nano-vfprintf_i.o)
                0x0000000000020d1c                _printf_common
 *fill*         0x0000000000020dfa        0x2 
 .text._printf_i
                0x0000000000020dfc      0x224 /home/tomas/code/software_package/gcc-arm-none-eabi/bin/../lib/gcc/arm-none-eabi/9.3.1/../../../../arm-none-eabi/lib/thumb/v6-m/nofp/libc_nano.a(lib_a-nano-vfprintf_i.o)
                0x0000000000020dfc                _printf_i
 .text._sbrk_r  0x0000000000021020       0x24 /home/tomas/code/software_package/gcc-arm-none-eabi/bin/../lib/gcc/arm-none-eabi/9.3.1/../../../../arm-none-eabi/lib/thumb/v6-m/nofp/libc_nano.a(lib_a-sbrkr.o)
                0x0000000000021020                _sbrk_r
 .text.__sread  0x0000000000021044       0x28 /home/tomas/code/software_package/gcc-arm-none-eabi/bin/../lib/gcc/arm-none-eabi/9.3.1/../../../../arm-none-eabi/lib/thumb/v6-m/nofp/libc_nano.a(lib_a-stdio.o)
                0x0000000000021044                __sread
 .text.__swrite
                0x000000000002106c       0x38 /home/tomas/code/software_package/gcc-arm-none-eabi/bin/../lib/gcc/arm-none-eabi/9.3.1/../../../../arm-none-eabi/lib/thumb/v6-m/nofp/libc_nano.a(lib_a-stdio.o)
                0x000000000002106c                __swrite
 .text.__sseek  0x00000000000210a4       0x2c /home/tomas/code/software_package/gcc-arm-none-eabi/bin/../lib/gcc/arm-none-eabi/9.3.1/../../../../arm-none-eabi/lib/thumb/v6-m/nofp/libc_nano.a(lib_a-stdio.o)
                0x00000000000210a4                __sseek
 .text.__sclose
                0x00000000000210d0        0xc /home/tomas/code/software_package/gcc-arm-none-eabi/bin/../lib/gcc/arm-none-eabi/9.3.1/../../../../arm-none-eabi/lib/thumb/v6-m/nofp/libc_nano.a(lib_a-stdio.o)
                0x00000000000210d0                __sclose
 .text.__swbuf_r
                0x00000000000210dc       0xac /home/tomas/code/software_package/gcc-arm-none-eabi/bin/../lib/gcc/arm-none-eabi/9.3.1/../../../../arm-none-eabi/lib/thumb/v6-m/nofp/libc_nano.a(lib_a-wbuf.o)
                0x00000000000210dc                __swbuf_r
 .text._write_r
                0x0000000000021188       0x28 /home/tomas/code/software_package/gcc-arm-none-eabi/bin/../lib/gcc/arm-none-eabi/9.3.1/../../../../arm-none-eabi/lib/thumb/v6-m/nofp/libc_nano.a(lib_a-writer.o)
                0x0000000000021188                _write_r
 .text.__swsetup_r
                0x00000000000211b0       0xf0 /home/tomas/code/software_package/gcc-arm-none-eabi/bin/../lib/gcc/arm-none-eabi/9.3.1/../../../../arm-none-eabi/lib/thumb/v6-m/nofp/libc_nano.a(lib_a-wsetup.o)
                0x00000000000211b0                __swsetup_r
 .text._close_r
                0x00000000000212a0       0x24 /home/tomas/code/software_package/gcc-arm-none-eabi/bin/../lib/gcc/arm-none-eabi/9.3.1/../../../../arm-none-eabi/lib/thumb/v6-m/nofp/libc_nano.a(lib_a-closer.o)
                0x00000000000212a0                _close_r
 .text.__sflush_r
                0x00000000000212c4      0x118 /home/tomas/code/software_package/gcc-arm-none-eabi/bin/../lib/gcc/arm-none-eabi/9.3.1/../../../../arm-none-eabi/lib/thumb/v6-m/nofp/libc_nano.a(lib_a-fflush.o)
                0x00000000000212c4                __sflush_r
 .text._fflush_r
                0x00000000000213dc       0x80 /home/tomas/code/software_package/gcc-arm-none-eabi/bin/../lib/gcc/arm-none-eabi/9.3.1/../../../../arm-none-eabi/lib/thumb/v6-m/nofp/libc_nano.a(lib_a-fflush.o)
                0x00000000000213dc                _fflush_r
 .text._lseek_r
                0x000000000002145c       0x28 /home/tomas/code/software_package/gcc-arm-none-eabi/bin/../lib/gcc/arm-none-eabi/9.3.1/../../../../arm-none-eabi/lib/thumb/v6-m/nofp/libc_nano.a(lib_a-lseekr.o)
                0x000000000002145c                _lseek_r
 .text.__swhatbuf_r
                0x0000000000021484       0x50 /home/tomas/code/software_package/gcc-arm-none-eabi/bin/../lib/gcc/arm-none-eabi/9.3.1/../../../../arm-none-eabi/lib/thumb/v6-m/nofp/libc_nano.a(lib_a-makebuf.o)
                0x0000000000021484                __swhatbuf_r
 .text.__smakebuf_r
                0x00000000000214d4       0x88 /home/tomas/code/software_package/gcc-arm-none-eabi/bin/../lib/gcc/arm-none-eabi/9.3.1/../../../../arm-none-eabi/lib/thumb/v6-m/nofp/libc_nano.a(lib_a-makebuf.o)
                0x00000000000214d4                __smakebuf_r
 .text.memchr   0x000000000002155c       0x16 /home/tomas/code/software_package/gcc-arm-none-eabi/bin/../lib/gcc/arm-none-eabi/9.3.1/../../../../arm-none-eabi/lib/thumb/v6-m/nofp/libc_nano.a(lib_a-memchr-stub.o)
                0x000000000002155c                memchr
 .text.memmove  0x0000000000021572       0x26 /home/tomas/code/software_package/gcc-arm-none-eabi/bin/../lib/gcc/arm-none-eabi/9.3.1/../../../../arm-none-eabi/lib/thumb/v6-m/nofp/libc_nano.a(lib_a-memmove.o)
                0x0000000000021572                memmove
 .text.__malloc_lock
                0x0000000000021598       0x10 /home/tomas/code/software_package/gcc-arm-none-eabi/bin/../lib/gcc/arm-none-eabi/9.3.1/../../../../arm-none-eabi/lib/thumb/v6-m/nofp/libc_nano.a(lib_a-mlock.o)
                0x0000000000021598                __malloc_lock
 .text.__malloc_unlock
                0x00000000000215a8       0x10 /home/tomas/code/software_package/gcc-arm-none-eabi/bin/../lib/gcc/arm-none-eabi/9.3.1/../../../../arm-none-eabi/lib/thumb/v6-m/nofp/libc_nano.a(lib_a-mlock.o)
                0x00000000000215a8                __malloc_unlock
 .text._free_r  0x00000000000215b8       0x94 /home/tomas/code/software_package/gcc-arm-none-eabi/bin/../lib/gcc/arm-none-eabi/9.3.1/../../../../arm-none-eabi/lib/thumb/v6-m/nofp/libc_nano.a(lib_a-nano-freer.o)
                0x00000000000215b8                _free_r
 .text._realloc_r
                0x000000000002164c       0x4c /home/tomas/code/software_package/gcc-arm-none-eabi/bin/../lib/gcc/arm-none-eabi/9.3.1/../../../../arm-none-eabi/lib/thumb/v6-m/nofp/libc_nano.a(lib_a-nano-reallocr.o)
                0x000000000002164c                _realloc_r
 .text._read_r  0x0000000000021698       0x28 /home/tomas/code/software_package/gcc-arm-none-eabi/bin/../lib/gcc/arm-none-eabi/9.3.1/../../../../arm-none-eabi/lib/thumb/v6-m/nofp/libc_nano.a(lib_a-readr.o)
                0x0000000000021698                _read_r
 .text._fstat_r
                0x00000000000216c0       0x24 /home/tomas/code/software_package/gcc-arm-none-eabi/bin/../lib/gcc/arm-none-eabi/9.3.1/../../../../arm-none-eabi/lib/thumb/v6-m/nofp/libc_nano.a(lib_a-fstatr.o)
                0x00000000000216c0                _fstat_r
 .text._isatty_r
                0x00000000000216e4       0x24 /home/tomas/code/software_package/gcc-arm-none-eabi/bin/../lib/gcc/arm-none-eabi/9.3.1/../../../../arm-none-eabi/lib/thumb/v6-m/nofp/libc_nano.a(lib_a-isattyr.o)
                0x00000000000216e4                _isatty_r
 .text._malloc_usable_size_r
                0x0000000000021708       0x10 /home/tomas/code/software_package/gcc-arm-none-eabi/bin/../lib/gcc/arm-none-eabi/9.3.1/../../../../arm-none-eabi/lib/thumb/v6-m/nofp/libc_nano.a(lib_a-nano-msizer.o)
                0x0000000000021708                _malloc_usable_size_r
 .text          0x0000000000021718       0x14 /home/tomas/code/software_package/gcc-arm-none-eabi/bin/../lib/gcc/arm-none-eabi/9.3.1/thumb/v6-m/nofp/libgcc.a(_thumb1_case_shi.o)
                0x0000000000021718                __gnu_thumb1_case_shi
 .text._close   0x000000000002172c       0x10 /home/tomas/code/software_package/gcc-arm-none-eabi/bin/../lib/gcc/arm-none-eabi/9.3.1/../../../../arm-none-eabi/lib/thumb/v6-m/nofp/libnosys.a(close.o)
                0x000000000002172c                _close
 .text._fstat   0x000000000002173c       0x10 /home/tomas/code/software_package/gcc-arm-none-eabi/bin/../lib/gcc/arm-none-eabi/9.3.1/../../../../arm-none-eabi/lib/thumb/v6-m/nofp/libnosys.a(fstat.o)
                0x000000000002173c                _fstat
 .text._isatty  0x000000000002174c       0x10 /home/tomas/code/software_package/gcc-arm-none-eabi/bin/../lib/gcc/arm-none-eabi/9.3.1/../../../../arm-none-eabi/lib/thumb/v6-m/nofp/libnosys.a(isatty.o)
                0x000000000002174c                _isatty
 .text._lseek   0x000000000002175c       0x10 /home/tomas/code/software_package/gcc-arm-none-eabi/bin/../lib/gcc/arm-none-eabi/9.3.1/../../../../arm-none-eabi/lib/thumb/v6-m/nofp/libnosys.a(lseek.o)
                0x000000000002175c                _lseek
 .text._read    0x000000000002176c       0x10 /home/tomas/code/software_package/gcc-arm-none-eabi/bin/../lib/gcc/arm-none-eabi/9.3.1/../../../../arm-none-eabi/lib/thumb/v6-m/nofp/libnosys.a(read.o)
                0x000000000002176c                _read
 .text._sbrk    0x000000000002177c       0x1c /home/tomas/code/software_package/gcc-arm-none-eabi/bin/../lib/gcc/arm-none-eabi/9.3.1/../../../../arm-none-eabi/lib/thumb/v6-m/nofp/libnosys.a(sbrk.o)
                0x000000000002177c                _sbrk
 *(.init)
 .init          0x0000000000021798        0x4 /home/tomas/code/software_package/gcc-arm-none-eabi/bin/../lib/gcc/arm-none-eabi/9.3.1/thumb/v6-m/nofp/crti.o
                0x0000000000021798                _init
 .init          0x000000000002179c        0x8 /home/tomas/code/software_package/gcc-arm-none-eabi/bin/../lib/gcc/arm-none-eabi/9.3.1/thumb/v6-m/nofp/crtn.o
 *(.fini)
 .fini          0x00000000000217a4        0x4 /home/tomas/code/software_package/gcc-arm-none-eabi/bin/../lib/gcc/arm-none-eabi/9.3.1/thumb/v6-m/nofp/crti.o
                0x00000000000217a4                _fini
 .fini          0x00000000000217a8        0x8 /home/tomas/code/software_package/gcc-arm-none-eabi/bin/../lib/gcc/arm-none-eabi/9.3.1/thumb/v6-m/nofp/crtn.o
 *crtbegin.o(.ctors)
 *crtbegin?.o(.ctors)
 *(EXCLUDE_FILE(*crtend.o *crtend?.o) .ctors)
 *(SORT_BY_NAME(.ctors.*))
 *(.ctors)
 *crtbegin.o(.dtors)
 *crtbegin?.o(.dtors)
 *(EXCLUDE_FILE(*crtend.o *crtend?.o) .dtors)
 *(SORT_BY_NAME(.dtors.*))
 *(.dtors)
 *(.rodata*)
 .rodata._global_impure_ptr
                0x00000000000217b0        0x4 /home/tomas/code/software_package/gcc-arm-none-eabi/bin/../lib/gcc/arm-none-eabi/9.3.1/../../../../arm-none-eabi/lib/thumb/v6-m/nofp/libc_nano.a(lib_a-impure.o)
                0x00000000000217b0                _global_impure_ptr
 .rodata.process_key
                0x00000000000217b4       0x5c _build/in4073.o
 .rodata.main.str1.4
                0x0000000000021810       0x52 _build/in4073.o
 *fill*         0x0000000000021862        0x2 
 .rodata.quadrupel_timer.7138
                0x0000000000021864        0x4 _build/timers.o
 .rodata.UART0_IRQHandler.str1.4
                0x0000000000021868       0x11 _build/uart.o
 *fill*         0x0000000000021879        0x3 
 .rodata.SPI0_TWI0_IRQHandler.str1.4
                0x000000000002187c       0x38 _build/twi.o
 .rodata.ble_init.str1.4
                0x00000000000218b4       0x12 _build/ble.o
 *fill*         0x00000000000218c6        0x2 
 .rodata.mpu_init.str1.4
                0x00000000000218c8       0x96 _build/inv_mpu.o
 *fill*         0x000000000002195e        0x2 
 .rodata.hw     0x0000000000021960        0xc _build/inv_mpu.o
                0x0000000000021960                hw
 .rodata.reg    0x000000000002196c       0x1e _build/inv_mpu.o
                0x000000000002196c                reg
 *fill*         0x000000000002198a        0x2 
 .rodata.test   0x000000000002198c       0x28 _build/inv_mpu.o
                0x000000000002198c                test
 .rodata.dmp_set_orientation.str1.4
                0x00000000000219b4       0x10 _build/inv_mpu_dmp_motion_driver.o
 .rodata.dmp_set_fifo_rate.str1.4
                0x00000000000219c4        0xd _build/inv_mpu_dmp_motion_driver.o
 *fill*         0x00000000000219d1        0x3 
 .rodata.dmp_enable_feature.str1.4
                0x00000000000219d4       0x16 _build/inv_mpu_dmp_motion_driver.o
 *fill*         0x00000000000219ea        0x2 
 .rodata.dmp_memory
                0x00000000000219ec      0xbf6 _build/inv_mpu_dmp_motion_driver.o
 *fill*         0x00000000000225e2        0x2 
 .rodata.get_dmp_data.str1.4
                0x00000000000225e4       0x1f _build/mpu_wrapper.o
 *fill*         0x0000000000022603        0x1 
 .rodata.imu_init.str1.4
                0x0000000000022604      0x106 _build/mpu_wrapper.o
 *fill*         0x000000000002270a        0x2 
 .rodata.app_error_handler.str1.4
                0x000000000002270c       0x27 _build/app_error.o
 *fill*         0x0000000000022733        0x1 
 .rodata.m_conn_params_timer_id
                0x0000000000022734        0x4 _build/ble_conn_params.o
 .rodata        0x0000000000022738       0x10 _build/ble_nus.o
 .rodata.asin.str1.4
                0x0000000000022748       0x27 /home/tomas/code/software_package/gcc-arm-none-eabi/bin/../lib/gcc/arm-none-eabi/9.3.1/../../../../arm-none-eabi/lib/thumb/v6-m/nofp/libm.a(lib_a-w_asin.o)
                                          0x1 (size before relaxing)
 .rodata.CSWTCH.8
                0x0000000000022748       0x18 /home/tomas/code/software_package/gcc-arm-none-eabi/bin/../lib/gcc/arm-none-eabi/9.3.1/../../../../arm-none-eabi/lib/thumb/v6-m/nofp/libm.a(lib_a-e_atan2.o)
 .rodata.CSWTCH.9
                0x0000000000022760       0x18 /home/tomas/code/software_package/gcc-arm-none-eabi/bin/../lib/gcc/arm-none-eabi/9.3.1/../../../../arm-none-eabi/lib/thumb/v6-m/nofp/libm.a(lib_a-e_atan2.o)
 .rodata.atanhi
                0x0000000000022778       0x20 /home/tomas/code/software_package/gcc-arm-none-eabi/bin/../lib/gcc/arm-none-eabi/9.3.1/../../../../arm-none-eabi/lib/thumb/v6-m/nofp/libm.a(lib_a-s_atan.o)
 .rodata.atanlo
                0x0000000000022798       0x20 /home/tomas/code/software_package/gcc-arm-none-eabi/bin/../lib/gcc/arm-none-eabi/9.3.1/../../../../arm-none-eabi/lib/thumb/v6-m/nofp/libm.a(lib_a-s_atan.o)
 .rodata        0x00000000000227b8       0x80 /home/tomas/code/software_package/gcc-arm-none-eabi/bin/../lib/gcc/arm-none-eabi/9.3.1/thumb/v6-m/nofp/libgcc.a(divsf3.o)
 .rodata        0x0000000000022838       0x40 /home/tomas/code/software_package/gcc-arm-none-eabi/bin/../lib/gcc/arm-none-eabi/9.3.1/thumb/v6-m/nofp/libgcc.a(mulsf3.o)
 .rodata        0x0000000000022878       0x40 /home/tomas/code/software_package/gcc-arm-none-eabi/bin/../lib/gcc/arm-none-eabi/9.3.1/thumb/v6-m/nofp/libgcc.a(divdf3.o)
 .rodata        0x00000000000228b8       0x40 /home/tomas/code/software_package/gcc-arm-none-eabi/bin/../lib/gcc/arm-none-eabi/9.3.1/thumb/v6-m/nofp/libgcc.a(muldf3.o)
 .rodata.__sf_fake_stderr
                0x00000000000228f8       0x20 /home/tomas/code/software_package/gcc-arm-none-eabi/bin/../lib/gcc/arm-none-eabi/9.3.1/../../../../arm-none-eabi/lib/thumb/v6-m/nofp/libc_nano.a(lib_a-findfp.o)
                0x00000000000228f8                __sf_fake_stderr
 .rodata.__sf_fake_stdin
                0x0000000000022918       0x20 /home/tomas/code/software_package/gcc-arm-none-eabi/bin/../lib/gcc/arm-none-eabi/9.3.1/../../../../arm-none-eabi/lib/thumb/v6-m/nofp/libc_nano.a(lib_a-findfp.o)
                0x0000000000022918                __sf_fake_stdin
 .rodata.__sf_fake_stdout
                0x0000000000022938       0x20 /home/tomas/code/software_package/gcc-arm-none-eabi/bin/../lib/gcc/arm-none-eabi/9.3.1/../../../../arm-none-eabi/lib/thumb/v6-m/nofp/libc_nano.a(lib_a-findfp.o)
                0x0000000000022938                __sf_fake_stdout
 .rodata._svfprintf_r.str1.1
                0x0000000000022958       0x11 /home/tomas/code/software_package/gcc-arm-none-eabi/bin/../lib/gcc/arm-none-eabi/9.3.1/../../../../arm-none-eabi/lib/thumb/v6-m/nofp/libc_nano.a(lib_a-nano-svfprintf.o)
 .rodata._vfprintf_r.str1.1
                0x0000000000022969       0x11 /home/tomas/code/software_package/gcc-arm-none-eabi/bin/../lib/gcc/arm-none-eabi/9.3.1/../../../../arm-none-eabi/lib/thumb/v6-m/nofp/libc_nano.a(lib_a-nano-vfprintf.o)
 .rodata._printf_i.str1.1
                0x0000000000022969       0x22 /home/tomas/code/software_package/gcc-arm-none-eabi/bin/../lib/gcc/arm-none-eabi/9.3.1/../../../../arm-none-eabi/lib/thumb/v6-m/nofp/libc_nano.a(lib_a-nano-vfprintf_i.o)
 *(.eh_frame*)
 *fill*         0x000000000002298b        0x1 
 .eh_frame      0x000000000002298c        0x0 /home/tomas/code/software_package/gcc-arm-none-eabi/bin/../lib/gcc/arm-none-eabi/9.3.1/thumb/v6-m/nofp/crtbegin.o
                0x000000000002298c                . = ALIGN (0x4)

.glue_7         0x000000000002298c        0x0
 .glue_7        0x000000000002298c        0x0 linker stubs

.glue_7t        0x000000000002298c        0x0
 .glue_7t       0x000000000002298c        0x0 linker stubs

.vfp11_veneer   0x000000000002298c        0x0
 .vfp11_veneer  0x000000000002298c        0x0 linker stubs

.v4_bx          0x000000000002298c        0x0
 .v4_bx         0x000000000002298c        0x0 linker stubs

.iplt           0x000000000002298c        0x0
 .iplt          0x000000000002298c        0x0 /home/tomas/code/software_package/gcc-arm-none-eabi/bin/../lib/gcc/arm-none-eabi/9.3.1/thumb/v6-m/nofp/crtbegin.o

.ARM.extab      0x000000000002298c        0x0
 *(.ARM.extab* .gnu.linkonce.armextab.*)
                0x000000000002298c                . = ALIGN (0x4)
                0x000000000002298c                __exidx_start = .

.ARM.exidx      0x000000000002298c        0x8
 *(.ARM.exidx* .gnu.linkonce.armexidx.*)
 .ARM.exidx     0x000000000002298c        0x8 /home/tomas/code/software_package/gcc-arm-none-eabi/bin/../lib/gcc/arm-none-eabi/9.3.1/../../../../arm-none-eabi/lib/thumb/v6-m/nofp/crt0.o
                                         0x10 (size before relaxing)
 .ARM.exidx     0x0000000000022994        0x0 _build/gcc_startup_nrf51.o
                                          0x8 (size before relaxing)
                0x0000000000022994                . = ALIGN (0x4)
                0x0000000000022994                __exidx_end = .
                0x0000000000022994                __etext = .

.rel.dyn        0x0000000000022994        0x0
 .rel.iplt      0x0000000000022994        0x0 /home/tomas/code/software_package/gcc-arm-none-eabi/bin/../lib/gcc/arm-none-eabi/9.3.1/thumb/v6-m/nofp/crtbegin.o

.data           0x0000000020002000       0xb4 load address 0x0000000000022994
                0x0000000020002000                __data_start__ = .
 *(vtable)
 *(.data*)
 .data._impure_ptr
                0x0000000020002000        0x4 /home/tomas/code/software_package/gcc-arm-none-eabi/bin/../lib/gcc/arm-none-eabi/9.3.1/../../../../arm-none-eabi/lib/thumb/v6-m/nofp/libc_nano.a(lib_a-impure.o)
                0x0000000020002000                _impure_ptr
 .data.impure_data
                0x0000000020002004       0x60 /home/tomas/code/software_package/gcc-arm-none-eabi/bin/../lib/gcc/arm-none-eabi/9.3.1/../../../../arm-none-eabi/lib/thumb/v6-m/nofp/libc_nano.a(lib_a-impure.o)
 .data.txd_available
                0x0000000020002064        0x1 _build/uart.o
                0x0000000020002064                txd_available
 *fill*         0x0000000020002065        0x3 
 .data.m_adv_uuids
                0x0000000020002068        0x4 _build/ble.o
 .data.m_conn_handle
                0x000000002000206c        0x2 _build/ble.o
 *fill*         0x000000002000206e        0x2 
 .data.st       0x0000000020002070       0x2c _build/inv_mpu.o
 .data.gyro_orientation.7058
                0x000000002000209c        0x9 _build/mpu_wrapper.o
 *fill*         0x00000000200020a5        0x1 
 .data.current_slave_link_conn_handle.7330
                0x00000000200020a6        0x2 _build/ble_advertising.o
 .data.__fdlib_version
                0x00000000200020a8        0x1 /home/tomas/code/software_package/gcc-arm-none-eabi/bin/../lib/gcc/arm-none-eabi/9.3.1/../../../../arm-none-eabi/lib/thumb/v6-m/nofp/libm.a(lib_a-s_lib_ver.o)
                0x00000000200020a8                __fdlib_version
                0x00000000200020ac                . = ALIGN (0x4)
 *fill*         0x00000000200020a9        0x3 
                0x00000000200020ac                PROVIDE (__preinit_array_start = .)
 *(.preinit_array)
                0x00000000200020ac                PROVIDE (__preinit_array_end = .)
                0x00000000200020ac                . = ALIGN (0x4)
                0x00000000200020ac                PROVIDE (__init_array_start = .)
 *(SORT_BY_NAME(.init_array.*))
 *(.init_array)
 .init_array    0x00000000200020ac        0x4 /home/tomas/code/software_package/gcc-arm-none-eabi/bin/../lib/gcc/arm-none-eabi/9.3.1/thumb/v6-m/nofp/crtbegin.o
                0x00000000200020b0                PROVIDE (__init_array_end = .)
                0x00000000200020b0                . = ALIGN (0x4)
                [!provide]                        PROVIDE (__fini_array_start = .)
 *(SORT_BY_NAME(.fini_array.*))
 *(.fini_array)
 .fini_array    0x00000000200020b0        0x4 /home/tomas/code/software_package/gcc-arm-none-eabi/bin/../lib/gcc/arm-none-eabi/9.3.1/thumb/v6-m/nofp/crtbegin.o
                [!provide]                        PROVIDE (__fini_array_end = .)
 *(.jcr)
                0x00000000200020b4                . = ALIGN (0x4)
                0x00000000200020b4                __data_end__ = .

.igot.plt       0x00000000200020b4        0x0 load address 0x0000000000022a48
 .igot.plt      0x00000000200020b4        0x0 /home/tomas/code/software_package/gcc-arm-none-eabi/bin/../lib/gcc/arm-none-eabi/9.3.1/thumb/v6-m/nofp/crtbegin.o

.bss            0x00000000200020b4      0x9b4 load address 0x0000000000022a48
                0x00000000200020b4                . = ALIGN (0x4)
                0x00000000200020b4                __bss_start__ = .
 *(.bss*)
 .bss           0x00000000200020b4       0x1c /home/tomas/code/software_package/gcc-arm-none-eabi/bin/../lib/gcc/arm-none-eabi/9.3.1/thumb/v6-m/nofp/crtbegin.o
 .bss.APP_TIMER_BUF.7134
                0x00000000200020d0      0x1c8 _build/timers.o
 .bss.quadrupel_timer_data.7137
                0x0000000020002298       0x20 _build/timers.o
 .bss.read      0x00000000200022b8        0x1 _build/twi.o
 .bss.sent      0x00000000200022b9        0x1 _build/twi.o
 *fill*         0x00000000200022ba        0x2 
 .bss.data      0x00000000200022bc        0x3 _build/baro.o
 *fill*         0x00000000200022bf        0x1 
 .bss.data.7051
                0x00000000200022c0        0x2 _build/baro.o
 *fill*         0x00000000200022c2        0x2 
 .bss.initTime  0x00000000200022c4        0x4 _build/baro.o
                0x00000000200022c4                initTime
 .bss.loop_count
                0x00000000200022c8        0x1 _build/baro.o
 *fill*         0x00000000200022c9        0x3 
 .bss.prom      0x00000000200022cc       0x10 _build/baro.o
 .bss.BLE_EVT_BUFFER.9021
                0x00000000200022dc       0x48 _build/ble.o
 .bss.m_nus     0x0000000020002324       0x1c _build/ble.o
 .bss.SPI       0x0000000020002340        0x4 _build/spi_flash.o
 .bss.spi_config_table
                0x0000000020002344        0xc _build/spi_flash.o
 .bss.dmp       0x0000000020002350       0x10 _build/inv_mpu_dmp_motion_driver.o
 .bss.m_evt_schedule_func
                0x0000000020002360        0x4 _build/app_timer.o
 .bss.m_rtc1_reset
                0x0000000020002364        0x1 _build/app_timer.o
 .bss.m_rtc1_running
                0x0000000020002365        0x1 _build/app_timer.o
 *fill*         0x0000000020002366        0x2 
 .bss.m_ticks_elapsed
                0x0000000020002368        0x8 _build/app_timer.o
 .bss.m_ticks_elapsed_q_read_ind
                0x0000000020002370        0x1 _build/app_timer.o
 .bss.m_ticks_elapsed_q_write_ind
                0x0000000020002371        0x1 _build/app_timer.o
 *fill*         0x0000000020002372        0x2 
 .bss.m_ticks_latest
                0x0000000020002374        0x4 _build/app_timer.o
 .bss.m_user_array_size
                0x0000000020002378        0x1 _build/app_timer.o
 *fill*         0x0000000020002379        0x3 
 .bss.mp_timer_id_head
                0x000000002000237c        0x4 _build/app_timer.o
 .bss.mp_users  0x0000000020002380        0x4 _build/app_timer.o
 .bss.m_cmd_queue
                0x0000000020002384       0xcc _build/pstorage.o
 .bss.m_flags   0x0000000020002450        0x4 _build/pstorage.o
 .bss.m_adv_evt
                0x0000000020002454        0x1 _build/ble_advertising.o
 .bss.m_adv_mode_current
                0x0000000020002455        0x1 _build/ble_advertising.o
 *fill*         0x0000000020002456        0x2 
 .bss.m_adv_modes_config
                0x0000000020002458       0x24 _build/ble_advertising.o
 .bss.m_advdata
                0x000000002000247c       0x38 _build/ble_advertising.o
 .bss.m_advertising_start_pending
                0x00000000200024b4        0x1 _build/ble_advertising.o
 *fill*         0x00000000200024b5        0x3 
 .bss.m_error_handler
                0x00000000200024b8        0x4 _build/ble_advertising.o
 .bss.m_evt_handler
                0x00000000200024bc        0x4 _build/ble_advertising.o
 .bss.m_manuf_data_array
                0x00000000200024c0       0x1f _build/ble_advertising.o
 *fill*         0x00000000200024df        0x1 
 .bss.m_manuf_specific_data
                0x00000000200024e0        0xc _build/ble_advertising.o
 .bss.m_peer_addr_reply_expected
                0x00000000200024ec        0x1 _build/ble_advertising.o
 *fill*         0x00000000200024ed        0x3 
 .bss.m_peer_address
                0x00000000200024f0        0x7 _build/ble_advertising.o
 *fill*         0x00000000200024f7        0x1 
 .bss.m_service_data
                0x00000000200024f8        0xc _build/ble_advertising.o
 .bss.m_service_data_array
                0x0000000020002504       0x1f _build/ble_advertising.o
 *fill*         0x0000000020002523        0x1 
 .bss.m_slave_conn_int
                0x0000000020002524        0x4 _build/ble_advertising.o
 .bss.m_tx_power_level
                0x0000000020002528        0x1 _build/ble_advertising.o
 *fill*         0x0000000020002529        0x3 
 .bss.m_whitelist
                0x000000002000252c       0x10 _build/ble_advertising.o
 .bss.m_whitelist_reply_expected
                0x000000002000253c        0x1 _build/ble_advertising.o
 .bss.m_whitelist_temporarily_disabled
                0x000000002000253d        0x1 _build/ble_advertising.o
 *fill*         0x000000002000253e        0x2 
 .bss.mp_whitelist_addr
                0x0000000020002540       0x20 _build/ble_advertising.o
 .bss.mp_whitelist_irk
                0x0000000020002560       0x20 _build/ble_advertising.o
 .bss.m_change_param
                0x0000000020002580        0x1 _build/ble_conn_params.o
 *fill*         0x0000000020002581        0x1 
 .bss.m_conn_handle
                0x0000000020002582        0x2 _build/ble_conn_params.o
 .bss.m_conn_params_config
                0x0000000020002584       0x1c _build/ble_conn_params.o
 .bss.m_conn_params_timer_id_data
                0x00000000200025a0       0x20 _build/ble_conn_params.o
 .bss.m_current_conn_params
                0x00000000200025c0        0x8 _build/ble_conn_params.o
 .bss.m_preferred_conn_params
                0x00000000200025c8        0x8 _build/ble_conn_params.o
 .bss.m_update_count
                0x00000000200025d0        0x1 _build/ble_conn_params.o
 *fill*         0x00000000200025d1        0x1 
 .bss.m_ble_evt_buffer_size
                0x00000000200025d2        0x2 _build/softdevice_handler.o
 .bss.m_ble_evt_handler
                0x00000000200025d4        0x4 _build/softdevice_handler.o
 .bss.m_evt_schedule_func
                0x00000000200025d8        0x4 _build/softdevice_handler.o
 .bss.m_softdevice_enabled
                0x00000000200025dc        0x1 _build/softdevice_handler.o
 *fill*         0x00000000200025dd        0x3 
 .bss.m_sys_evt_handler
                0x00000000200025e0        0x4 _build/softdevice_handler.o
 .bss.mp_ble_evt_buffer
                0x00000000200025e4        0x4 _build/softdevice_handler.o
 .bss.__malloc_free_list
                0x00000000200025e8        0x4 /home/tomas/code/software_package/gcc-arm-none-eabi/bin/../lib/gcc/arm-none-eabi/9.3.1/../../../../arm-none-eabi/lib/thumb/v6-m/nofp/libc_nano.a(lib_a-nano-mallocr.o)
                0x00000000200025e8                __malloc_free_list
 .bss.__malloc_sbrk_start
                0x00000000200025ec        0x4 /home/tomas/code/software_package/gcc-arm-none-eabi/bin/../lib/gcc/arm-none-eabi/9.3.1/../../../../arm-none-eabi/lib/thumb/v6-m/nofp/libc_nano.a(lib_a-nano-mallocr.o)
                0x00000000200025ec                __malloc_sbrk_start
 .bss.heap_end.4144
                0x00000000200025f0        0x4 /home/tomas/code/software_package/gcc-arm-none-eabi/bin/../lib/gcc/arm-none-eabi/9.3.1/../../../../arm-none-eabi/lib/thumb/v6-m/nofp/libnosys.a(sbrk.o)
 *(COMMON)
 COMMON         0x00000000200025f4      0x453 _build/in4073.o
                0x00000000200025f4                say
                0x00000000200025f6                psi
                0x00000000200025f8                sensor_fifo_count
                0x00000000200025fa                saz
                0x00000000200025fc                rx_queue
                0x0000000020002702                phi
                0x0000000020002704                temperature
                0x0000000020002708                theta
                0x000000002000270c                pressure
                0x0000000020002710                tx_queue
                0x0000000020002816                sax
                0x0000000020002818                sq
                0x000000002000281a                bat_volt
                0x000000002000281c                ble_rx_queue
                0x0000000020002922                sp
                0x0000000020002924                radio_active
                0x0000000020002928                motor
                0x0000000020002930                last_correct_checksum_time
                0x0000000020002934                ble_tx_queue
                0x0000000020002a3c                ae
                0x0000000020002a44                sr
                0x0000000020002a46                demo_done
 *fill*         0x0000000020002a47        0x1 
 COMMON         0x0000000020002a48        0x5 _build/timers.o
                0x0000000020002a48                global_time
                0x0000000020002a4c                timer_flag
 *fill*         0x0000000020002a4d        0x3 
 COMMON         0x0000000020002a50        0x8 _build/baro.o
                0x0000000020002a50                D2
                0x0000000020002a54                D1
 COMMON         0x0000000020002a58        0x9 /home/tomas/code/software_package/gcc-arm-none-eabi/bin/../lib/gcc/arm-none-eabi/9.3.1/../../../../arm-none-eabi/lib/thumb/v6-m/nofp/libc_nano.a(lib_a-lock.o)
                0x0000000020002a58                __lock___atexit_recursive_mutex
                0x0000000020002a59                __lock___arc4random_mutex
                0x0000000020002a5a                __lock___env_recursive_mutex
                0x0000000020002a5b                __lock___sinit_recursive_mutex
                0x0000000020002a5c                __lock___malloc_recursive_mutex
                0x0000000020002a5d                __lock___at_quick_exit_mutex
                0x0000000020002a5e                __lock___dd_hash_mutex
                0x0000000020002a5f                __lock___tz_mutex
                0x0000000020002a60                __lock___sfp_recursive_mutex
 *fill*         0x0000000020002a61        0x3 
 COMMON         0x0000000020002a64        0x4 /home/tomas/code/software_package/gcc-arm-none-eabi/bin/../lib/gcc/arm-none-eabi/9.3.1/../../../../arm-none-eabi/lib/thumb/v6-m/nofp/libc_nano.a(lib_a-reent.o)
                0x0000000020002a64                errno
                0x0000000020002a68                . = ALIGN (0x4)
                0x0000000020002a68                __bss_end__ = .

.heap           0x0000000020002a68      0x800
                0x0000000020002a68                __end__ = .
                0x0000000020002a68                end = __end__
 *(.heap*)
 .heap          0x0000000020002a68      0x800 _build/gcc_startup_nrf51.o
                0x0000000020002a68                __HeapBase
                0x0000000020003268                __HeapLimit = .

.stack_dummy    0x0000000020002a68      0x800
 *(.stack*)
 .stack         0x0000000020002a68      0x800 _build/gcc_startup_nrf51.o
                0x0000000020004000                __StackTop = (ORIGIN (RAM) + LENGTH (RAM))
                0x0000000020003800                __StackLimit = (__StackTop - SIZEOF (.stack_dummy))
                0x0000000020004000                PROVIDE (__stack = __StackTop)
                0x0000000000000001                ASSERT ((__StackLimit >= __HeapLimit), region RAM overflowed with stack)
OUTPUT(_build/in4073.out elf32-littlearm)
LOAD linker stubs

.ARM.attributes
                0x0000000000000000       0x28
 .ARM.attributes
                0x0000000000000000       0x1e /home/tomas/code/software_package/gcc-arm-none-eabi/bin/../lib/gcc/arm-none-eabi/9.3.1/thumb/v6-m/nofp/crti.o
 .ARM.attributes
                0x000000000000001e       0x2c /home/tomas/code/software_package/gcc-arm-none-eabi/bin/../lib/gcc/arm-none-eabi/9.3.1/thumb/v6-m/nofp/crtbegin.o
 .ARM.attributes
                0x000000000000004a       0x1b /home/tomas/code/software_package/gcc-arm-none-eabi/bin/../lib/gcc/arm-none-eabi/9.3.1/../../../../arm-none-eabi/lib/thumb/v6-m/nofp/crt0.o
 .ARM.attributes
                0x0000000000000065       0x2c /home/tomas/code/software_package/gcc-arm-none-eabi/bin/../lib/gcc/arm-none-eabi/9.3.1/../../../../arm-none-eabi/lib/thumb/v6-m/nofp/libc_nano.a(lib_a-exit.o)
 .ARM.attributes
                0x0000000000000091       0x2c /home/tomas/code/software_package/gcc-arm-none-eabi/bin/../lib/gcc/arm-none-eabi/9.3.1/../../../../arm-none-eabi/lib/thumb/v6-m/nofp/libc_nano.a(lib_a-impure.o)
 .ARM.attributes
                0x00000000000000bd       0x2c /home/tomas/code/software_package/gcc-arm-none-eabi/bin/../lib/gcc/arm-none-eabi/9.3.1/../../../../arm-none-eabi/lib/thumb/v6-m/nofp/libc_nano.a(lib_a-init.o)
 .ARM.attributes
                0x00000000000000e9       0x2c /home/tomas/code/software_package/gcc-arm-none-eabi/bin/../lib/gcc/arm-none-eabi/9.3.1/../../../../arm-none-eabi/lib/thumb/v6-m/nofp/libc_nano.a(lib_a-memset.o)
 .ARM.attributes
                0x0000000000000115       0x2c /home/tomas/code/software_package/gcc-arm-none-eabi/bin/../lib/gcc/arm-none-eabi/9.3.1/../../../../arm-none-eabi/lib/thumb/v6-m/nofp/libnosys.a(_exit.o)
 .ARM.attributes
                0x0000000000000141       0x2c _build/system_nrf51.o
 .ARM.attributes
                0x000000000000016d       0x2c _build/nrf_delay.o
 .ARM.attributes
                0x0000000000000199       0x2c _build/in4073.o
 .ARM.attributes
                0x00000000000001c5       0x2c _build/control.o
 .ARM.attributes
                0x00000000000001f1       0x2c _build/gpio.o
 .ARM.attributes
                0x000000000000021d       0x2c _build/timers.o
 .ARM.attributes
                0x0000000000000249       0x2c _build/uart.o
 .ARM.attributes
                0x0000000000000275       0x2c _build/queue.o
 .ARM.attributes
                0x00000000000002a1       0x2c _build/twi.o
 .ARM.attributes
                0x00000000000002cd       0x2c _build/adc.o
 .ARM.attributes
                0x00000000000002f9       0x2c _build/baro.o
 .ARM.attributes
                0x0000000000000325       0x2c _build/ble.o
 .ARM.attributes
                0x0000000000000351       0x2c _build/spi_flash.o
 .ARM.attributes
                0x000000000000037d       0x2c _build/inv_mpu.o
 .ARM.attributes
                0x00000000000003a9       0x2c _build/inv_mpu_dmp_motion_driver.o
 .ARM.attributes
                0x00000000000003d5       0x2c _build/ml.o
 .ARM.attributes
                0x0000000000000401       0x2c _build/mpu_wrapper.o
 .ARM.attributes
                0x000000000000042d       0x2c _build/app_error.o
 .ARM.attributes
                0x0000000000000459       0x2c _build/app_timer.o
 .ARM.attributes
                0x0000000000000485       0x2c _build/pstorage.o
 .ARM.attributes
                0x00000000000004b1       0x2c _build/ble_advdata.o
 .ARM.attributes
                0x00000000000004dd       0x2c _build/ble_advertising.o
 .ARM.attributes
                0x0000000000000509       0x2c _build/ble_conn_params.o
 .ARM.attributes
                0x0000000000000535       0x2c _build/ble_nus.o
 .ARM.attributes
                0x0000000000000561       0x2c _build/softdevice_handler.o
 .ARM.attributes
                0x000000000000058d       0x1b _build/gcc_startup_nrf51.o
 .ARM.attributes
                0x00000000000005a8       0x2c /home/tomas/code/software_package/gcc-arm-none-eabi/bin/../lib/gcc/arm-none-eabi/9.3.1/../../../../arm-none-eabi/lib/thumb/v6-m/nofp/libm.a(lib_a-s_fabs.o)
 .ARM.attributes
                0x00000000000005d4       0x2c /home/tomas/code/software_package/gcc-arm-none-eabi/bin/../lib/gcc/arm-none-eabi/9.3.1/../../../../arm-none-eabi/lib/thumb/v6-m/nofp/libm.a(lib_a-w_asin.o)
 .ARM.attributes
                0x0000000000000600       0x2c /home/tomas/code/software_package/gcc-arm-none-eabi/bin/../lib/gcc/arm-none-eabi/9.3.1/../../../../arm-none-eabi/lib/thumb/v6-m/nofp/libm.a(lib_a-w_atan2.o)
 .ARM.attributes
                0x000000000000062c       0x2c /home/tomas/code/software_package/gcc-arm-none-eabi/bin/../lib/gcc/arm-none-eabi/9.3.1/../../../../arm-none-eabi/lib/thumb/v6-m/nofp/libm.a(lib_a-e_asin.o)
 .ARM.attributes
                0x0000000000000658       0x2c /home/tomas/code/software_package/gcc-arm-none-eabi/bin/../lib/gcc/arm-none-eabi/9.3.1/../../../../arm-none-eabi/lib/thumb/v6-m/nofp/libm.a(lib_a-e_atan2.o)
 .ARM.attributes
                0x0000000000000684       0x2c /home/tomas/code/software_package/gcc-arm-none-eabi/bin/../lib/gcc/arm-none-eabi/9.3.1/../../../../arm-none-eabi/lib/thumb/v6-m/nofp/libm.a(lib_a-e_sqrt.o)
 .ARM.attributes
                0x00000000000006b0       0x2c /home/tomas/code/software_package/gcc-arm-none-eabi/bin/../lib/gcc/arm-none-eabi/9.3.1/../../../../arm-none-eabi/lib/thumb/v6-m/nofp/libm.a(lib_a-s_atan.o)
 .ARM.attributes
                0x00000000000006dc       0x2c /home/tomas/code/software_package/gcc-arm-none-eabi/bin/../lib/gcc/arm-none-eabi/9.3.1/../../../../arm-none-eabi/lib/thumb/v6-m/nofp/libm.a(lib_a-s_lib_ver.o)
 .ARM.attributes
                0x0000000000000708       0x2c /home/tomas/code/software_package/gcc-arm-none-eabi/bin/../lib/gcc/arm-none-eabi/9.3.1/../../../../arm-none-eabi/lib/thumb/v6-m/nofp/libm.a(lib_a-s_nan.o)
 .ARM.attributes
                0x0000000000000734       0x1e /home/tomas/code/software_package/gcc-arm-none-eabi/bin/../lib/gcc/arm-none-eabi/9.3.1/thumb/v6-m/nofp/libgcc.a(_udivsi3.o)
 .ARM.attributes
                0x0000000000000752       0x1e /home/tomas/code/software_package/gcc-arm-none-eabi/bin/../lib/gcc/arm-none-eabi/9.3.1/thumb/v6-m/nofp/libgcc.a(_divsi3.o)
 .ARM.attributes
                0x0000000000000770       0x1e /home/tomas/code/software_package/gcc-arm-none-eabi/bin/../lib/gcc/arm-none-eabi/9.3.1/thumb/v6-m/nofp/libgcc.a(_dvmd_tls.o)
 .ARM.attributes
                0x000000000000078e       0x1e /home/tomas/code/software_package/gcc-arm-none-eabi/bin/../lib/gcc/arm-none-eabi/9.3.1/thumb/v6-m/nofp/libgcc.a(_arm_cmpdf2.o)
 .ARM.attributes
                0x00000000000007ac       0x1e /home/tomas/code/software_package/gcc-arm-none-eabi/bin/../lib/gcc/arm-none-eabi/9.3.1/thumb/v6-m/nofp/libgcc.a(_arm_cmpsf2.o)
 .ARM.attributes
                0x00000000000007ca       0x2c /home/tomas/code/software_package/gcc-arm-none-eabi/bin/../lib/gcc/arm-none-eabi/9.3.1/thumb/v6-m/nofp/libgcc.a(_muldi3.o)
 .ARM.attributes
                0x00000000000007f6       0x2c /home/tomas/code/software_package/gcc-arm-none-eabi/bin/../lib/gcc/arm-none-eabi/9.3.1/thumb/v6-m/nofp/libgcc.a(_fixunssfsi.o)
 .ARM.attributes
                0x0000000000000822       0x2c /home/tomas/code/software_package/gcc-arm-none-eabi/bin/../lib/gcc/arm-none-eabi/9.3.1/thumb/v6-m/nofp/libgcc.a(addsf3.o)
 .ARM.attributes
                0x000000000000084e       0x2c /home/tomas/code/software_package/gcc-arm-none-eabi/bin/../lib/gcc/arm-none-eabi/9.3.1/thumb/v6-m/nofp/libgcc.a(divsf3.o)
 .ARM.attributes
                0x000000000000087a       0x2c /home/tomas/code/software_package/gcc-arm-none-eabi/bin/../lib/gcc/arm-none-eabi/9.3.1/thumb/v6-m/nofp/libgcc.a(eqsf2.o)
 .ARM.attributes
                0x00000000000008a6       0x2c /home/tomas/code/software_package/gcc-arm-none-eabi/bin/../lib/gcc/arm-none-eabi/9.3.1/thumb/v6-m/nofp/libgcc.a(gesf2.o)
 .ARM.attributes
                0x00000000000008d2       0x2c /home/tomas/code/software_package/gcc-arm-none-eabi/bin/../lib/gcc/arm-none-eabi/9.3.1/thumb/v6-m/nofp/libgcc.a(lesf2.o)
 .ARM.attributes
                0x00000000000008fe       0x2c /home/tomas/code/software_package/gcc-arm-none-eabi/bin/../lib/gcc/arm-none-eabi/9.3.1/thumb/v6-m/nofp/libgcc.a(mulsf3.o)
 .ARM.attributes
                0x000000000000092a       0x2c /home/tomas/code/software_package/gcc-arm-none-eabi/bin/../lib/gcc/arm-none-eabi/9.3.1/thumb/v6-m/nofp/libgcc.a(subsf3.o)
 .ARM.attributes
                0x0000000000000956       0x2c /home/tomas/code/software_package/gcc-arm-none-eabi/bin/../lib/gcc/arm-none-eabi/9.3.1/thumb/v6-m/nofp/libgcc.a(fixsfsi.o)
 .ARM.attributes
                0x0000000000000982       0x2c /home/tomas/code/software_package/gcc-arm-none-eabi/bin/../lib/gcc/arm-none-eabi/9.3.1/thumb/v6-m/nofp/libgcc.a(floatsisf.o)
 .ARM.attributes
                0x00000000000009ae       0x2c /home/tomas/code/software_package/gcc-arm-none-eabi/bin/../lib/gcc/arm-none-eabi/9.3.1/thumb/v6-m/nofp/libgcc.a(floatunsisf.o)
 .ARM.attributes
                0x00000000000009da       0x2c /home/tomas/code/software_package/gcc-arm-none-eabi/bin/../lib/gcc/arm-none-eabi/9.3.1/thumb/v6-m/nofp/libgcc.a(adddf3.o)
 .ARM.attributes
                0x0000000000000a06       0x2c /home/tomas/code/software_package/gcc-arm-none-eabi/bin/../lib/gcc/arm-none-eabi/9.3.1/thumb/v6-m/nofp/libgcc.a(divdf3.o)
 .ARM.attributes
                0x0000000000000a32       0x2c /home/tomas/code/software_package/gcc-arm-none-eabi/bin/../lib/gcc/arm-none-eabi/9.3.1/thumb/v6-m/nofp/libgcc.a(eqdf2.o)
 .ARM.attributes
                0x0000000000000a5e       0x2c /home/tomas/code/software_package/gcc-arm-none-eabi/bin/../lib/gcc/arm-none-eabi/9.3.1/thumb/v6-m/nofp/libgcc.a(gedf2.o)
 .ARM.attributes
                0x0000000000000a8a       0x2c /home/tomas/code/software_package/gcc-arm-none-eabi/bin/../lib/gcc/arm-none-eabi/9.3.1/thumb/v6-m/nofp/libgcc.a(ledf2.o)
 .ARM.attributes
                0x0000000000000ab6       0x2c /home/tomas/code/software_package/gcc-arm-none-eabi/bin/../lib/gcc/arm-none-eabi/9.3.1/thumb/v6-m/nofp/libgcc.a(muldf3.o)
 .ARM.attributes
                0x0000000000000ae2       0x2c /home/tomas/code/software_package/gcc-arm-none-eabi/bin/../lib/gcc/arm-none-eabi/9.3.1/thumb/v6-m/nofp/libgcc.a(subdf3.o)
 .ARM.attributes
                0x0000000000000b0e       0x2c /home/tomas/code/software_package/gcc-arm-none-eabi/bin/../lib/gcc/arm-none-eabi/9.3.1/thumb/v6-m/nofp/libgcc.a(unorddf2.o)
 .ARM.attributes
                0x0000000000000b3a       0x2c /home/tomas/code/software_package/gcc-arm-none-eabi/bin/../lib/gcc/arm-none-eabi/9.3.1/thumb/v6-m/nofp/libgcc.a(fixdfsi.o)
 .ARM.attributes
                0x0000000000000b66       0x2c /home/tomas/code/software_package/gcc-arm-none-eabi/bin/../lib/gcc/arm-none-eabi/9.3.1/thumb/v6-m/nofp/libgcc.a(extendsfdf2.o)
 .ARM.attributes
                0x0000000000000b92       0x1e /home/tomas/code/software_package/gcc-arm-none-eabi/bin/../lib/gcc/arm-none-eabi/9.3.1/thumb/v6-m/nofp/libgcc.a(_clzsi2.o)
 .ARM.attributes
                0x0000000000000bb0       0x2c /home/tomas/code/software_package/gcc-arm-none-eabi/bin/../lib/gcc/arm-none-eabi/9.3.1/../../../../arm-none-eabi/lib/thumb/v6-m/nofp/libc_nano.a(lib_a-errno.o)
 .ARM.attributes
                0x0000000000000bdc       0x2c /home/tomas/code/software_package/gcc-arm-none-eabi/bin/../lib/gcc/arm-none-eabi/9.3.1/../../../../arm-none-eabi/lib/thumb/v6-m/nofp/libc_nano.a(lib_a-memcmp.o)
 .ARM.attributes
                0x0000000000000c08       0x2c /home/tomas/code/software_package/gcc-arm-none-eabi/bin/../lib/gcc/arm-none-eabi/9.3.1/../../../../arm-none-eabi/lib/thumb/v6-m/nofp/libc_nano.a(lib_a-memcpy-stub.o)
 .ARM.attributes
                0x0000000000000c34       0x2c /home/tomas/code/software_package/gcc-arm-none-eabi/bin/../lib/gcc/arm-none-eabi/9.3.1/../../../../arm-none-eabi/lib/thumb/v6-m/nofp/libc_nano.a(lib_a-printf.o)
 .ARM.attributes
                0x0000000000000c60       0x2c /home/tomas/code/software_package/gcc-arm-none-eabi/bin/../lib/gcc/arm-none-eabi/9.3.1/../../../../arm-none-eabi/lib/thumb/v6-m/nofp/libc_nano.a(lib_a-sprintf.o)
 .ARM.attributes
                0x0000000000000c8c       0x1c /home/tomas/code/software_package/gcc-arm-none-eabi/bin/../lib/gcc/arm-none-eabi/9.3.1/../../../../arm-none-eabi/lib/thumb/v6-m/nofp/libc_nano.a(lib_a-strlen.o)
 .ARM.attributes
                0x0000000000000ca8       0x2c /home/tomas/code/software_package/gcc-arm-none-eabi/bin/../lib/gcc/arm-none-eabi/9.3.1/../../../../arm-none-eabi/lib/thumb/v6-m/nofp/libc_nano.a(lib_a-findfp.o)
 .ARM.attributes
                0x0000000000000cd4       0x2c /home/tomas/code/software_package/gcc-arm-none-eabi/bin/../lib/gcc/arm-none-eabi/9.3.1/../../../../arm-none-eabi/lib/thumb/v6-m/nofp/libc_nano.a(lib_a-fwalk.o)
 .ARM.attributes
                0x0000000000000d00       0x2c /home/tomas/code/software_package/gcc-arm-none-eabi/bin/../lib/gcc/arm-none-eabi/9.3.1/../../../../arm-none-eabi/lib/thumb/v6-m/nofp/libc_nano.a(lib_a-lock.o)
 .ARM.attributes
                0x0000000000000d2c       0x2c /home/tomas/code/software_package/gcc-arm-none-eabi/bin/../lib/gcc/arm-none-eabi/9.3.1/../../../../arm-none-eabi/lib/thumb/v6-m/nofp/libc_nano.a(lib_a-nano-mallocr.o)
 .ARM.attributes
                0x0000000000000d58       0x2c /home/tomas/code/software_package/gcc-arm-none-eabi/bin/../lib/gcc/arm-none-eabi/9.3.1/../../../../arm-none-eabi/lib/thumb/v6-m/nofp/libc_nano.a(lib_a-nano-svfprintf.o)
 .ARM.attributes
                0x0000000000000d84       0x2c /home/tomas/code/software_package/gcc-arm-none-eabi/bin/../lib/gcc/arm-none-eabi/9.3.1/../../../../arm-none-eabi/lib/thumb/v6-m/nofp/libc_nano.a(lib_a-nano-vfprintf.o)
 .ARM.attributes
                0x0000000000000db0       0x2c /home/tomas/code/software_package/gcc-arm-none-eabi/bin/../lib/gcc/arm-none-eabi/9.3.1/../../../../arm-none-eabi/lib/thumb/v6-m/nofp/libc_nano.a(lib_a-nano-vfprintf_i.o)
 .ARM.attributes
                0x0000000000000ddc       0x2c /home/tomas/code/software_package/gcc-arm-none-eabi/bin/../lib/gcc/arm-none-eabi/9.3.1/../../../../arm-none-eabi/lib/thumb/v6-m/nofp/libc_nano.a(lib_a-sbrkr.o)
 .ARM.attributes
                0x0000000000000e08       0x2c /home/tomas/code/software_package/gcc-arm-none-eabi/bin/../lib/gcc/arm-none-eabi/9.3.1/../../../../arm-none-eabi/lib/thumb/v6-m/nofp/libc_nano.a(lib_a-stdio.o)
 .ARM.attributes
                0x0000000000000e34       0x2c /home/tomas/code/software_package/gcc-arm-none-eabi/bin/../lib/gcc/arm-none-eabi/9.3.1/../../../../arm-none-eabi/lib/thumb/v6-m/nofp/libc_nano.a(lib_a-wbuf.o)
 .ARM.attributes
                0x0000000000000e60       0x2c /home/tomas/code/software_package/gcc-arm-none-eabi/bin/../lib/gcc/arm-none-eabi/9.3.1/../../../../arm-none-eabi/lib/thumb/v6-m/nofp/libc_nano.a(lib_a-writer.o)
 .ARM.attributes
                0x0000000000000e8c       0x2c /home/tomas/code/software_package/gcc-arm-none-eabi/bin/../lib/gcc/arm-none-eabi/9.3.1/../../../../arm-none-eabi/lib/thumb/v6-m/nofp/libc_nano.a(lib_a-wsetup.o)
 .ARM.attributes
                0x0000000000000eb8       0x2c /home/tomas/code/software_package/gcc-arm-none-eabi/bin/../lib/gcc/arm-none-eabi/9.3.1/../../../../arm-none-eabi/lib/thumb/v6-m/nofp/libc_nano.a(lib_a-closer.o)
 .ARM.attributes
                0x0000000000000ee4       0x2c /home/tomas/code/software_package/gcc-arm-none-eabi/bin/../lib/gcc/arm-none-eabi/9.3.1/../../../../arm-none-eabi/lib/thumb/v6-m/nofp/libc_nano.a(lib_a-fflush.o)
 .ARM.attributes
                0x0000000000000f10       0x2c /home/tomas/code/software_package/gcc-arm-none-eabi/bin/../lib/gcc/arm-none-eabi/9.3.1/../../../../arm-none-eabi/lib/thumb/v6-m/nofp/libc_nano.a(lib_a-lseekr.o)
 .ARM.attributes
                0x0000000000000f3c       0x2c /home/tomas/code/software_package/gcc-arm-none-eabi/bin/../lib/gcc/arm-none-eabi/9.3.1/../../../../arm-none-eabi/lib/thumb/v6-m/nofp/libc_nano.a(lib_a-makebuf.o)
 .ARM.attributes
                0x0000000000000f68       0x2c /home/tomas/code/software_package/gcc-arm-none-eabi/bin/../lib/gcc/arm-none-eabi/9.3.1/../../../../arm-none-eabi/lib/thumb/v6-m/nofp/libc_nano.a(lib_a-memchr-stub.o)
 .ARM.attributes
                0x0000000000000f94       0x2c /home/tomas/code/software_package/gcc-arm-none-eabi/bin/../lib/gcc/arm-none-eabi/9.3.1/../../../../arm-none-eabi/lib/thumb/v6-m/nofp/libc_nano.a(lib_a-memmove.o)
 .ARM.attributes
                0x0000000000000fc0       0x2c /home/tomas/code/software_package/gcc-arm-none-eabi/bin/../lib/gcc/arm-none-eabi/9.3.1/../../../../arm-none-eabi/lib/thumb/v6-m/nofp/libc_nano.a(lib_a-mlock.o)
 .ARM.attributes
                0x0000000000000fec       0x2c /home/tomas/code/software_package/gcc-arm-none-eabi/bin/../lib/gcc/arm-none-eabi/9.3.1/../../../../arm-none-eabi/lib/thumb/v6-m/nofp/libc_nano.a(lib_a-nano-freer.o)
 .ARM.attributes
                0x0000000000001018       0x2c /home/tomas/code/software_package/gcc-arm-none-eabi/bin/../lib/gcc/arm-none-eabi/9.3.1/../../../../arm-none-eabi/lib/thumb/v6-m/nofp/libc_nano.a(lib_a-nano-reallocr.o)
 .ARM.attributes
                0x0000000000001044       0x2c /home/tomas/code/software_package/gcc-arm-none-eabi/bin/../lib/gcc/arm-none-eabi/9.3.1/../../../../arm-none-eabi/lib/thumb/v6-m/nofp/libc_nano.a(lib_a-readr.o)
 .ARM.attributes
                0x0000000000001070       0x2c /home/tomas/code/software_package/gcc-arm-none-eabi/bin/../lib/gcc/arm-none-eabi/9.3.1/../../../../arm-none-eabi/lib/thumb/v6-m/nofp/libc_nano.a(lib_a-reent.o)
 .ARM.attributes
                0x000000000000109c       0x2c /home/tomas/code/software_package/gcc-arm-none-eabi/bin/../lib/gcc/arm-none-eabi/9.3.1/../../../../arm-none-eabi/lib/thumb/v6-m/nofp/libc_nano.a(lib_a-fstatr.o)
 .ARM.attributes
                0x00000000000010c8       0x2c /home/tomas/code/software_package/gcc-arm-none-eabi/bin/../lib/gcc/arm-none-eabi/9.3.1/../../../../arm-none-eabi/lib/thumb/v6-m/nofp/libc_nano.a(lib_a-isattyr.o)
 .ARM.attributes
                0x00000000000010f4       0x2c /home/tomas/code/software_package/gcc-arm-none-eabi/bin/../lib/gcc/arm-none-eabi/9.3.1/../../../../arm-none-eabi/lib/thumb/v6-m/nofp/libc_nano.a(lib_a-nano-msizer.o)
 .ARM.attributes
                0x0000000000001120       0x1e /home/tomas/code/software_package/gcc-arm-none-eabi/bin/../lib/gcc/arm-none-eabi/9.3.1/thumb/v6-m/nofp/libgcc.a(_thumb1_case_shi.o)
 .ARM.attributes
                0x000000000000113e       0x1e /home/tomas/code/software_package/gcc-arm-none-eabi/bin/../lib/gcc/arm-none-eabi/9.3.1/thumb/v6-m/nofp/crtn.o
 .ARM.attributes
                0x000000000000115c       0x2c /home/tomas/code/software_package/gcc-arm-none-eabi/bin/../lib/gcc/arm-none-eabi/9.3.1/../../../../arm-none-eabi/lib/thumb/v6-m/nofp/libnosys.a(close.o)
 .ARM.attributes
                0x0000000000001188       0x2c /home/tomas/code/software_package/gcc-arm-none-eabi/bin/../lib/gcc/arm-none-eabi/9.3.1/../../../../arm-none-eabi/lib/thumb/v6-m/nofp/libnosys.a(fstat.o)
 .ARM.attributes
                0x00000000000011b4       0x2c /home/tomas/code/software_package/gcc-arm-none-eabi/bin/../lib/gcc/arm-none-eabi/9.3.1/../../../../arm-none-eabi/lib/thumb/v6-m/nofp/libnosys.a(isatty.o)
 .ARM.attributes
                0x00000000000011e0       0x2c /home/tomas/code/software_package/gcc-arm-none-eabi/bin/../lib/gcc/arm-none-eabi/9.3.1/../../../../arm-none-eabi/lib/thumb/v6-m/nofp/libnosys.a(lseek.o)
 .ARM.attributes
                0x000000000000120c       0x2c /home/tomas/code/software_package/gcc-arm-none-eabi/bin/../lib/gcc/arm-none-eabi/9.3.1/../../../../arm-none-eabi/lib/thumb/v6-m/nofp/libnosys.a(read.o)
 .ARM.attributes
                0x0000000000001238       0x2c /home/tomas/code/software_package/gcc-arm-none-eabi/bin/../lib/gcc/arm-none-eabi/9.3.1/../../../../arm-none-eabi/lib/thumb/v6-m/nofp/libnosys.a(sbrk.o)

.comment        0x0000000000000000       0x4c
 .comment       0x0000000000000000       0x4c _build/system_nrf51.o
                                         0x4d (size before relaxing)
 .comment       0x000000000000004c       0x4d _build/nrf_delay.o
 .comment       0x000000000000004c       0x4d _build/in4073.o
 .comment       0x000000000000004c       0x4d _build/control.o
 .comment       0x000000000000004c       0x4d _build/gpio.o
 .comment       0x000000000000004c       0x4d _build/timers.o
 .comment       0x000000000000004c       0x4d _build/uart.o
 .comment       0x000000000000004c       0x4d _build/queue.o
 .comment       0x000000000000004c       0x4d _build/twi.o
 .comment       0x000000000000004c       0x4d _build/adc.o
 .comment       0x000000000000004c       0x4d _build/baro.o
 .comment       0x000000000000004c       0x4d _build/ble.o
 .comment       0x000000000000004c       0x4d _build/spi_flash.o
 .comment       0x000000000000004c       0x4d _build/inv_mpu.o
 .comment       0x000000000000004c       0x4d _build/inv_mpu_dmp_motion_driver.o
 .comment       0x000000000000004c       0x4d _build/ml.o
 .comment       0x000000000000004c       0x4d _build/mpu_wrapper.o
 .comment       0x000000000000004c       0x4d _build/app_error.o
 .comment       0x000000000000004c       0x4d _build/app_timer.o
 .comment       0x000000000000004c       0x4d _build/pstorage.o
 .comment       0x000000000000004c       0x4d _build/ble_advdata.o
 .comment       0x000000000000004c       0x4d _build/ble_advertising.o